# training log — started 2026-08-29 09:22:03
[09:22:03] device=cuda  model N=6 d_model=512 d_ff=2048 heads=8  batch=32
[09:22:03] vocab: de=19953  en=11158
[09:22:03] ===== Epoch 1/30 =====
[09:22:04] Epoch Step:      1 | Accumulation Step:   1 | Loss:   8.10 | Tokens / Sec:   672.4 | Learning Rate: 5.4e-07
[09:22:19] Epoch Step:     41 | Accumulation Step:   5 | Loss:   7.93 | Tokens / Sec:  1230.4 | Learning Rate: 1.1e-05
[09:22:34] Epoch Step:     81 | Accumulation Step:   9 | Loss:   7.61 | Tokens / Sec:  1232.5 | Learning Rate: 2.2e-05
[09:22:48] Epoch Step:    121 | Accumulation Step:  13 | Loss:   7.37 | Tokens / Sec:  1278.7 | Learning Rate: 3.3e-05
[09:23:03] Epoch Step:    161 | Accumulation Step:  17 | Loss:   7.17 | Tokens / Sec:  1264.6 | Learning Rate: 4.4e-05
[09:23:17] Epoch Step:    201 | Accumulation Step:  21 | Loss:   7.04 | Tokens / Sec:  1272.2 | Learning Rate: 5.4e-05
[09:23:32] Epoch Step:    241 | Accumulation Step:  25 | Loss:   6.88 | Tokens / Sec:  1286.2 | Learning Rate: 6.5e-05
[09:23:46] Epoch Step:    281 | Accumulation Step:  29 | Loss:   6.73 | Tokens / Sec:  1252.8 | Learning Rate: 7.6e-05
[09:24:01] Epoch Step:    321 | Accumulation Step:  33 | Loss:   6.52 | Tokens / Sec:  1249.7 | Learning Rate: 8.7e-05
[09:24:15] Epoch Step:    361 | Accumulation Step:  37 | Loss:   6.24 | Tokens / Sec:  1272.0 | Learning Rate: 9.7e-05
[09:24:30] Epoch Step:    401 | Accumulation Step:  41 | Loss:   6.00 | Tokens / Sec:  1263.4 | Learning Rate: 1.1e-04
[09:24:44] Epoch Step:    441 | Accumulation Step:  45 | Loss:   5.73 | Tokens / Sec:  1251.5 | Learning Rate: 1.2e-04
[09:24:59] Epoch Step:    481 | Accumulation Step:  49 | Loss:   5.49 | Tokens / Sec:  1237.0 | Learning Rate: 1.3e-04
[09:25:13] Epoch Step:    521 | Accumulation Step:  53 | Loss:   5.53 | Tokens / Sec:  1289.9 | Learning Rate: 1.4e-04
[09:25:28] Epoch Step:    561 | Accumulation Step:  57 | Loss:   5.07 | Tokens / Sec:  1244.4 | Learning Rate: 1.5e-04
[09:25:42] Epoch Step:    601 | Accumulation Step:  61 | Loss:   4.78 | Tokens / Sec:  1239.1 | Learning Rate: 1.6e-04
[09:25:57] Epoch Step:    641 | Accumulation Step:  65 | Loss:   4.68 | Tokens / Sec:  1253.4 | Learning Rate: 1.7e-04
[09:26:11] Epoch Step:    681 | Accumulation Step:  69 | Loss:   4.59 | Tokens / Sec:  1251.6 | Learning Rate: 1.8e-04
[09:26:26] Epoch Step:    721 | Accumulation Step:  73 | Loss:   4.51 | Tokens / Sec:  1256.1 | Learning Rate: 1.9e-04
[09:26:40] Epoch Step:    761 | Accumulation Step:  77 | Loss:   4.20 | Tokens / Sec:  1262.3 | Learning Rate: 2.0e-04
[09:26:55] Epoch Step:    801 | Accumulation Step:  81 | Loss:   4.56 | Tokens / Sec:  1252.6 | Learning Rate: 2.2e-04
[09:27:09] Epoch Step:    841 | Accumulation Step:  85 | Loss:   4.51 | Tokens / Sec:  1279.8 | Learning Rate: 2.3e-04
[09:27:24] Epoch Step:    881 | Accumulation Step:  89 | Loss:   4.17 | Tokens / Sec:  1238.2 | Learning Rate: 2.4e-04
[09:27:42] epoch 1 done: train 5.8399 | val 4.1821 | perplexity 129.47 | acc 27.8% | KL 0.351 | 339s
[09:27:42] GPU after epoch 1: 70 C, 65 W, 4988 MiB
[09:27:46] resume point saved (epoch 1). safe to stop or lose power here.
[09:27:46] cooldown: GPU 62 C, 17 W, 5002 MiB — pausing 90s
# training log — resumed 2026-08-29 09:29:29
[09:29:29] device=cuda  model N=6 d_model=512 d_ff=2048 heads=8  batch=32
[09:29:29] vocab: de=19953  en=11158
[09:29:29] ===== Epoch 2/30 =====
[09:29:30] Epoch Step:      1 | Accumulation Step:   1 | Loss:   4.30 | Tokens / Sec:   946.1 | Learning Rate: 2.4e-04
[09:29:44] Epoch Step:     41 | Accumulation Step:   5 | Loss:   4.02 | Tokens / Sec:  1220.1 | Learning Rate: 2.6e-04
[09:29:59] Epoch Step:     81 | Accumulation Step:   9 | Loss:   4.09 | Tokens / Sec:  1247.5 | Learning Rate: 2.7e-04
[09:30:14] Epoch Step:    121 | Accumulation Step:  13 | Loss:   4.02 | Tokens / Sec:  1269.7 | Learning Rate: 2.8e-04
[09:30:28] Epoch Step:    161 | Accumulation Step:  17 | Loss:   4.05 | Tokens / Sec:  1257.3 | Learning Rate: 2.9e-04
[09:30:43] Epoch Step:    201 | Accumulation Step:  21 | Loss:   4.01 | Tokens / Sec:  1265.8 | Learning Rate: 3.0e-04
[09:30:57] Epoch Step:    241 | Accumulation Step:  25 | Loss:   3.83 | Tokens / Sec:  1277.6 | Learning Rate: 3.1e-04
[09:31:12] Epoch Step:    281 | Accumulation Step:  29 | Loss:   3.91 | Tokens / Sec:  1252.6 | Learning Rate: 3.2e-04
[09:31:26] Epoch Step:    321 | Accumulation Step:  33 | Loss:   3.72 | Tokens / Sec:  1226.5 | Learning Rate: 3.3e-04
[09:31:41] Epoch Step:    361 | Accumulation Step:  37 | Loss:   3.64 | Tokens / Sec:  1247.3 | Learning Rate: 3.4e-04
[09:31:56] Epoch Step:    401 | Accumulation Step:  41 | Loss:   3.70 | Tokens / Sec:  1248.3 | Learning Rate: 3.5e-04
[09:32:10] Epoch Step:    441 | Accumulation Step:  45 | Loss:   3.64 | Tokens / Sec:  1244.4 | Learning Rate: 3.6e-04
[09:32:25] Epoch Step:    481 | Accumulation Step:  49 | Loss:   3.64 | Tokens / Sec:  1244.2 | Learning Rate: 3.7e-04
[09:32:40] Epoch Step:    521 | Accumulation Step:  53 | Loss:   3.98 | Tokens / Sec:  1271.7 | Learning Rate: 3.8e-04
[09:32:54] Epoch Step:    561 | Accumulation Step:  57 | Loss:   3.52 | Tokens / Sec:  1236.6 | Learning Rate: 4.0e-04
[09:33:09] Epoch Step:    601 | Accumulation Step:  61 | Loss:   3.46 | Tokens / Sec:  1230.3 | Learning Rate: 4.1e-04
[09:33:24] Epoch Step:    641 | Accumulation Step:  65 | Loss:   3.53 | Tokens / Sec:  1250.1 | Learning Rate: 4.2e-04
[09:33:38] Epoch Step:    681 | Accumulation Step:  69 | Loss:   3.57 | Tokens / Sec:  1247.9 | Learning Rate: 4.3e-04
[09:33:53] Epoch Step:    721 | Accumulation Step:  73 | Loss:   3.40 | Tokens / Sec:  1250.6 | Learning Rate: 4.4e-04
[09:34:07] Epoch Step:    761 | Accumulation Step:  77 | Loss:   3.12 | Tokens / Sec:  1246.7 | Learning Rate: 4.5e-04
[09:34:22] Epoch Step:    801 | Accumulation Step:  81 | Loss:   3.61 | Tokens / Sec:  1242.8 | Learning Rate: 4.6e-04
[09:34:37] Epoch Step:    841 | Accumulation Step:  85 | Loss:   3.59 | Tokens / Sec:  1276.0 | Learning Rate: 4.7e-04
[09:34:51] Epoch Step:    881 | Accumulation Step:  89 | Loss:   3.18 | Tokens / Sec:  1241.6 | Learning Rate: 4.8e-04
[09:35:09] epoch 2 done: train 3.6641 | val 3.1769 | perplexity 40.24 | acc 40.9% | KL 0.121 | 341s
[09:35:09] GPU after epoch 2: 72 C, 81 W, 5221 MiB
[09:35:14] resume point saved (epoch 2). safe to stop or lose power here.
[09:35:14] cooldown: GPU 63 C, 16 W, 5215 MiB — pausing 90s
[09:36:44] ===== Epoch 3/30 =====
[09:36:45] Epoch Step:      1 | Accumulation Step:   1 | Loss:   3.25 | Tokens / Sec:  1194.8 | Learning Rate: 4.9e-04
[09:36:59] Epoch Step:     41 | Accumulation Step:   5 | Loss:   3.32 | Tokens / Sec:  1285.8 | Learning Rate: 5.0e-04
[09:37:13] Epoch Step:     81 | Accumulation Step:   9 | Loss:   3.17 | Tokens / Sec:  1270.9 | Learning Rate: 5.1e-04
[09:37:28] Epoch Step:    121 | Accumulation Step:  13 | Loss:   3.06 | Tokens / Sec:  1283.6 | Learning Rate: 5.2e-04
[09:37:42] Epoch Step:    161 | Accumulation Step:  17 | Loss:   3.11 | Tokens / Sec:  1270.2 | Learning Rate: 5.3e-04
[09:37:57] Epoch Step:    201 | Accumulation Step:  21 | Loss:   3.08 | Tokens / Sec:  1267.8 | Learning Rate: 5.4e-04
[09:38:11] Epoch Step:    241 | Accumulation Step:  25 | Loss:   3.11 | Tokens / Sec:  1287.1 | Learning Rate: 5.5e-04
[09:38:25] Epoch Step:    281 | Accumulation Step:  29 | Loss:   2.87 | Tokens / Sec:  1268.8 | Learning Rate: 5.6e-04
[09:38:40] Epoch Step:    321 | Accumulation Step:  33 | Loss:   2.74 | Tokens / Sec:  1281.5 | Learning Rate: 5.7e-04
[09:38:54] Epoch Step:    361 | Accumulation Step:  37 | Loss:   2.97 | Tokens / Sec:  1250.7 | Learning Rate: 5.9e-04
[09:39:09] Epoch Step:    401 | Accumulation Step:  41 | Loss:   2.88 | Tokens / Sec:  1276.1 | Learning Rate: 6.0e-04
[09:39:23] Epoch Step:    441 | Accumulation Step:  45 | Loss:   2.96 | Tokens / Sec:  1245.4 | Learning Rate: 6.1e-04
[09:39:37] Epoch Step:    481 | Accumulation Step:  49 | Loss:   2.59 | Tokens / Sec:  1267.3 | Learning Rate: 6.2e-04
[09:39:52] Epoch Step:    521 | Accumulation Step:  53 | Loss:   2.53 | Tokens / Sec:  1283.7 | Learning Rate: 6.3e-04
[09:40:06] Epoch Step:    561 | Accumulation Step:  57 | Loss:   3.00 | Tokens / Sec:  1254.6 | Learning Rate: 6.4e-04
[09:40:21] Epoch Step:    601 | Accumulation Step:  61 | Loss:   2.60 | Tokens / Sec:  1258.6 | Learning Rate: 6.5e-04
[09:40:35] Epoch Step:    641 | Accumulation Step:  65 | Loss:   2.72 | Tokens / Sec:  1270.2 | Learning Rate: 6.6e-04
[09:40:50] Epoch Step:    681 | Accumulation Step:  69 | Loss:   2.75 | Tokens / Sec:  1270.2 | Learning Rate: 6.7e-04
[09:41:04] Epoch Step:    721 | Accumulation Step:  73 | Loss:   2.60 | Tokens / Sec:  1271.2 | Learning Rate: 6.8e-04
[09:41:18] Epoch Step:    761 | Accumulation Step:  77 | Loss:   2.47 | Tokens / Sec:  1248.6 | Learning Rate: 6.9e-04
[09:41:33] Epoch Step:    801 | Accumulation Step:  81 | Loss:   2.53 | Tokens / Sec:  1261.6 | Learning Rate: 7.0e-04
[09:41:47] Epoch Step:    841 | Accumulation Step:  85 | Loss:   2.27 | Tokens / Sec:  1273.0 | Learning Rate: 7.1e-04
[09:42:02] Epoch Step:    881 | Accumulation Step:  89 | Loss:   2.25 | Tokens / Sec:  1253.5 | Learning Rate: 7.3e-04
[09:42:20] epoch 3 done: train 2.8136 | val 2.3963 | perplexity 15.84 | acc 53.8% | KL 0.079 | 336s
[09:42:20] GPU after epoch 3: 73 C, 50 W, 5196 MiB
[09:42:25] resume point saved (epoch 3). safe to stop or lose power here.
[09:42:25] cooldown: GPU 63 C, 13 W, 5190 MiB — pausing 90s
[09:43:55] ===== Epoch 4/30 =====
[09:43:56] Epoch Step:      1 | Accumulation Step:   1 | Loss:   2.53 | Tokens / Sec:   978.9 | Learning Rate: 7.3e-04
[09:44:10] Epoch Step:     41 | Accumulation Step:   5 | Loss:   2.44 | Tokens / Sec:  1273.9 | Learning Rate: 7.4e-04
[09:44:24] Epoch Step:     81 | Accumulation Step:   9 | Loss:   2.26 | Tokens / Sec:  1267.2 | Learning Rate: 7.5e-04
[09:44:39] Epoch Step:    121 | Accumulation Step:  13 | Loss:   2.24 | Tokens / Sec:  1272.7 | Learning Rate: 7.6e-04
[09:44:53] Epoch Step:    161 | Accumulation Step:  17 | Loss:   2.38 | Tokens / Sec:  1261.8 | Learning Rate: 7.8e-04
[09:45:07] Epoch Step:    201 | Accumulation Step:  21 | Loss:   2.13 | Tokens / Sec:  1281.7 | Learning Rate: 7.9e-04
[09:45:22] Epoch Step:    241 | Accumulation Step:  25 | Loss:   2.15 | Tokens / Sec:  1266.8 | Learning Rate: 8.0e-04
[09:45:36] Epoch Step:    281 | Accumulation Step:  29 | Loss:   2.48 | Tokens / Sec:  1272.7 | Learning Rate: 8.1e-04
[09:45:51] Epoch Step:    321 | Accumulation Step:  33 | Loss:   1.94 | Tokens / Sec:  1279.5 | Learning Rate: 8.0e-04
[09:46:05] Epoch Step:    361 | Accumulation Step:  37 | Loss:   1.92 | Tokens / Sec:  1275.2 | Learning Rate: 8.0e-04
[09:46:20] Epoch Step:    401 | Accumulation Step:  41 | Loss:   2.00 | Tokens / Sec:  1280.3 | Learning Rate: 7.9e-04
[09:46:34] Epoch Step:    441 | Accumulation Step:  45 | Loss:   1.73 | Tokens / Sec:  1268.1 | Learning Rate: 7.9e-04
[09:46:48] Epoch Step:    481 | Accumulation Step:  49 | Loss:   2.31 | Tokens / Sec:  1270.9 | Learning Rate: 7.8e-04
[09:47:03] Epoch Step:    521 | Accumulation Step:  53 | Loss:   2.17 | Tokens / Sec:  1254.4 | Learning Rate: 7.8e-04
[09:47:17] Epoch Step:    561 | Accumulation Step:  57 | Loss:   2.03 | Tokens / Sec:  1265.5 | Learning Rate: 7.7e-04
[09:47:32] Epoch Step:    601 | Accumulation Step:  61 | Loss:   2.09 | Tokens / Sec:  1265.8 | Learning Rate: 7.7e-04
[09:47:46] Epoch Step:    641 | Accumulation Step:  65 | Loss:   2.01 | Tokens / Sec:  1266.8 | Learning Rate: 7.6e-04
[09:48:01] Epoch Step:    681 | Accumulation Step:  69 | Loss:   2.07 | Tokens / Sec:  1272.6 | Learning Rate: 7.6e-04
[09:48:15] Epoch Step:    721 | Accumulation Step:  73 | Loss:   2.14 | Tokens / Sec:  1246.2 | Learning Rate: 7.5e-04
[09:48:30] Epoch Step:    761 | Accumulation Step:  77 | Loss:   1.98 | Tokens / Sec:  1257.2 | Learning Rate: 7.5e-04
[09:48:44] Epoch Step:    801 | Accumulation Step:  81 | Loss:   1.97 | Tokens / Sec:  1256.7 | Learning Rate: 7.4e-04
[09:48:59] Epoch Step:    841 | Accumulation Step:  85 | Loss:   1.90 | Tokens / Sec:  1255.2 | Learning Rate: 7.4e-04
[09:49:13] Epoch Step:    881 | Accumulation Step:  89 | Loss:   2.13 | Tokens / Sec:  1262.9 | Learning Rate: 7.4e-04
[09:49:31] epoch 4 done: train 2.0967 | val 1.9425 | perplexity 9.46 | acc 61.8% | KL 0.086 | 336s
[09:49:31] GPU after epoch 4: 74 C, 62 W, 5179 MiB
[09:49:34] resume point saved (epoch 4). safe to stop or lose power here.
[09:49:34] cooldown: GPU 64 C, 19 W, 5199 MiB — pausing 90s
[09:51:04] ===== Epoch 5/30 =====
[09:51:05] Epoch Step:      1 | Accumulation Step:   1 | Loss:   1.83 | Tokens / Sec:  1049.2 | Learning Rate: 7.3e-04
[09:51:20] Epoch Step:     41 | Accumulation Step:   5 | Loss:   1.64 | Tokens / Sec:  1265.7 | Learning Rate: 7.3e-04
[09:51:34] Epoch Step:     81 | Accumulation Step:   9 | Loss:   1.66 | Tokens / Sec:  1276.0 | Learning Rate: 7.3e-04
[09:51:48] Epoch Step:    121 | Accumulation Step:  13 | Loss:   1.55 | Tokens / Sec:  1276.2 | Learning Rate: 7.2e-04
[09:52:03] Epoch Step:    161 | Accumulation Step:  17 | Loss:   1.54 | Tokens / Sec:  1249.4 | Learning Rate: 7.2e-04
[09:52:18] Epoch Step:    201 | Accumulation Step:  21 | Loss:   1.64 | Tokens / Sec:  1270.8 | Learning Rate: 7.1e-04
[09:52:32] Epoch Step:    241 | Accumulation Step:  25 | Loss:   1.75 | Tokens / Sec:  1260.6 | Learning Rate: 7.1e-04
[09:52:46] Epoch Step:    281 | Accumulation Step:  29 | Loss:   1.56 | Tokens / Sec:  1273.5 | Learning Rate: 7.1e-04
[09:53:01] Epoch Step:    321 | Accumulation Step:  33 | Loss:   1.48 | Tokens / Sec:  1256.5 | Learning Rate: 7.0e-04
[09:53:15] Epoch Step:    361 | Accumulation Step:  37 | Loss:   1.80 | Tokens / Sec:  1270.9 | Learning Rate: 7.0e-04
[09:53:30] Epoch Step:    401 | Accumulation Step:  41 | Loss:   1.90 | Tokens / Sec:  1259.4 | Learning Rate: 7.0e-04
[09:53:44] Epoch Step:    441 | Accumulation Step:  45 | Loss:   1.55 | Tokens / Sec:  1245.0 | Learning Rate: 6.9e-04
[09:53:59] Epoch Step:    481 | Accumulation Step:  49 | Loss:   1.81 | Tokens / Sec:  1261.8 | Learning Rate: 6.9e-04
[09:54:13] Epoch Step:    521 | Accumulation Step:  53 | Loss:   1.49 | Tokens / Sec:  1233.5 | Learning Rate: 6.9e-04
[09:54:28] Epoch Step:    561 | Accumulation Step:  57 | Loss:   1.63 | Tokens / Sec:  1273.7 | Learning Rate: 6.8e-04
[09:54:42] Epoch Step:    601 | Accumulation Step:  61 | Loss:   1.61 | Tokens / Sec:  1260.0 | Learning Rate: 6.8e-04
[09:54:57] Epoch Step:    641 | Accumulation Step:  65 | Loss:   1.92 | Tokens / Sec:  1276.9 | Learning Rate: 6.8e-04
[09:55:11] Epoch Step:    681 | Accumulation Step:  69 | Loss:   1.56 | Tokens / Sec:  1276.4 | Learning Rate: 6.7e-04
[09:55:26] Epoch Step:    721 | Accumulation Step:  73 | Loss:   1.50 | Tokens / Sec:  1261.2 | Learning Rate: 6.7e-04
[09:55:40] Epoch Step:    761 | Accumulation Step:  77 | Loss:   1.66 | Tokens / Sec:  1249.6 | Learning Rate: 6.7e-04
[09:55:55] Epoch Step:    801 | Accumulation Step:  81 | Loss:   1.70 | Tokens / Sec:  1257.3 | Learning Rate: 6.6e-04
[09:56:09] Epoch Step:    841 | Accumulation Step:  85 | Loss:   1.47 | Tokens / Sec:  1280.9 | Learning Rate: 6.6e-04
[09:56:23] Epoch Step:    881 | Accumulation Step:  89 | Loss:   1.70 | Tokens / Sec:  1249.3 | Learning Rate: 6.6e-04
[09:56:41] epoch 5 done: train 1.6446 | val 1.7654 | perplexity 7.56 | acc 64.7% | KL 0.120 | 337s
[09:56:41] GPU after epoch 5: 74 C, 58 W, 5178 MiB
[09:56:45] resume point saved (epoch 5). safe to stop or lose power here.
[09:56:45] cooldown: GPU 64 C, 18 W, 5192 MiB — pausing 90s
[09:58:15] ===== Epoch 6/30 =====
[09:58:16] Epoch Step:      1 | Accumulation Step:   1 | Loss:   1.39 | Tokens / Sec:  1108.8 | Learning Rate: 6.6e-04
[09:58:31] Epoch Step:     41 | Accumulation Step:   5 | Loss:   1.38 | Tokens / Sec:  1275.7 | Learning Rate: 6.5e-04
[09:58:45] Epoch Step:     81 | Accumulation Step:   9 | Loss:   1.34 | Tokens / Sec:  1262.7 | Learning Rate: 6.5e-04
[09:58:59] Epoch Step:    121 | Accumulation Step:  13 | Loss:   1.34 | Tokens / Sec:  1279.1 | Learning Rate: 6.5e-04
[09:59:14] Epoch Step:    161 | Accumulation Step:  17 | Loss:   1.39 | Tokens / Sec:  1281.4 | Learning Rate: 6.4e-04
[09:59:28] Epoch Step:    201 | Accumulation Step:  21 | Loss:   1.31 | Tokens / Sec:  1272.7 | Learning Rate: 6.4e-04
[09:59:42] Epoch Step:    241 | Accumulation Step:  25 | Loss:   1.35 | Tokens / Sec:  1273.0 | Learning Rate: 6.4e-04
[09:59:57] Epoch Step:    281 | Accumulation Step:  29 | Loss:   1.29 | Tokens / Sec:  1259.4 | Learning Rate: 6.4e-04
[10:00:11] Epoch Step:    321 | Accumulation Step:  33 | Loss:   1.31 | Tokens / Sec:  1255.2 | Learning Rate: 6.3e-04
[10:00:26] Epoch Step:    361 | Accumulation Step:  37 | Loss:   1.47 | Tokens / Sec:  1279.6 | Learning Rate: 6.3e-04
[10:00:40] Epoch Step:    401 | Accumulation Step:  41 | Loss:   1.44 | Tokens / Sec:  1273.7 | Learning Rate: 6.3e-04
[10:00:55] Epoch Step:    441 | Accumulation Step:  45 | Loss:   1.49 | Tokens / Sec:  1254.7 | Learning Rate: 6.3e-04
[10:01:09] Epoch Step:    481 | Accumulation Step:  49 | Loss:   1.46 | Tokens / Sec:  1275.1 | Learning Rate: 6.2e-04
[10:01:23] Epoch Step:    521 | Accumulation Step:  53 | Loss:   1.32 | Tokens / Sec:  1252.7 | Learning Rate: 6.2e-04
[10:01:38] Epoch Step:    561 | Accumulation Step:  57 | Loss:   1.19 | Tokens / Sec:  1272.8 | Learning Rate: 6.2e-04
[10:01:52] Epoch Step:    601 | Accumulation Step:  61 | Loss:   1.21 | Tokens / Sec:  1270.4 | Learning Rate: 6.2e-04
[10:02:07] Epoch Step:    641 | Accumulation Step:  65 | Loss:   1.24 | Tokens / Sec:  1260.7 | Learning Rate: 6.1e-04
[10:02:21] Epoch Step:    681 | Accumulation Step:  69 | Loss:   1.28 | Tokens / Sec:  1265.2 | Learning Rate: 6.1e-04
[10:02:36] Epoch Step:    721 | Accumulation Step:  73 | Loss:   1.38 | Tokens / Sec:  1256.3 | Learning Rate: 6.1e-04
[10:02:50] Epoch Step:    761 | Accumulation Step:  77 | Loss:   1.45 | Tokens / Sec:  1246.2 | Learning Rate: 6.1e-04
[10:03:05] Epoch Step:    801 | Accumulation Step:  81 | Loss:   1.41 | Tokens / Sec:  1276.2 | Learning Rate: 6.0e-04
[10:03:19] Epoch Step:    841 | Accumulation Step:  85 | Loss:   1.38 | Tokens / Sec:  1278.7 | Learning Rate: 6.0e-04
[10:03:33] Epoch Step:    881 | Accumulation Step:  89 | Loss:   1.44 | Tokens / Sec:  1271.1 | Learning Rate: 6.0e-04
[10:03:51] epoch 6 done: train 1.3652 | val 1.6927 | perplexity 6.91 | acc 66.3% | KL 0.106 | 336s
[10:03:51] GPU after epoch 6: 74 C, 62 W, 5175 MiB
[10:03:55] resume point saved (epoch 6). safe to stop or lose power here.
[10:03:55] cooldown: GPU 64 C, 17 W, 5188 MiB — pausing 90s
[10:05:25] ===== Epoch 7/30 =====
[10:05:26] Epoch Step:      1 | Accumulation Step:   1 | Loss:   1.25 | Tokens / Sec:  1147.6 | Learning Rate: 6.0e-04
[10:05:40] Epoch Step:     41 | Accumulation Step:   5 | Loss:   1.12 | Tokens / Sec:  1272.7 | Learning Rate: 6.0e-04
[10:05:54] Epoch Step:     81 | Accumulation Step:   9 | Loss:   1.14 | Tokens / Sec:  1264.3 | Learning Rate: 5.9e-04
[10:06:09] Epoch Step:    121 | Accumulation Step:  13 | Loss:   1.04 | Tokens / Sec:  1288.3 | Learning Rate: 5.9e-04
[10:06:23] Epoch Step:    161 | Accumulation Step:  17 | Loss:   1.14 | Tokens / Sec:  1261.2 | Learning Rate: 5.9e-04
[10:06:37] Epoch Step:    201 | Accumulation Step:  21 | Loss:   1.30 | Tokens / Sec:  1274.1 | Learning Rate: 5.9e-04
[10:06:52] Epoch Step:    241 | Accumulation Step:  25 | Loss:   1.12 | Tokens / Sec:  1274.9 | Learning Rate: 5.9e-04
[10:07:06] Epoch Step:    281 | Accumulation Step:  29 | Loss:   1.24 | Tokens / Sec:  1274.6 | Learning Rate: 5.8e-04
[10:07:21] Epoch Step:    321 | Accumulation Step:  33 | Loss:   1.04 | Tokens / Sec:  1257.6 | Learning Rate: 5.8e-04
[10:07:35] Epoch Step:    361 | Accumulation Step:  37 | Loss:   1.15 | Tokens / Sec:  1261.3 | Learning Rate: 5.8e-04
[10:07:49] Epoch Step:    401 | Accumulation Step:  41 | Loss:   1.24 | Tokens / Sec:  1283.7 | Learning Rate: 5.8e-04
[10:08:04] Epoch Step:    441 | Accumulation Step:  45 | Loss:   1.13 | Tokens / Sec:  1278.3 | Learning Rate: 5.8e-04
[10:08:18] Epoch Step:    481 | Accumulation Step:  49 | Loss:   1.13 | Tokens / Sec:  1255.3 | Learning Rate: 5.7e-04
[10:08:33] Epoch Step:    521 | Accumulation Step:  53 | Loss:   1.00 | Tokens / Sec:  1258.4 | Learning Rate: 5.7e-04
[10:08:47] Epoch Step:    561 | Accumulation Step:  57 | Loss:   1.28 | Tokens / Sec:  1255.3 | Learning Rate: 5.7e-04
[10:09:02] Epoch Step:    601 | Accumulation Step:  61 | Loss:   1.31 | Tokens / Sec:  1248.3 | Learning Rate: 5.7e-04
[10:09:16] Epoch Step:    641 | Accumulation Step:  65 | Loss:   1.04 | Tokens / Sec:  1270.0 | Learning Rate: 5.7e-04
[10:09:31] Epoch Step:    681 | Accumulation Step:  69 | Loss:   1.22 | Tokens / Sec:  1260.9 | Learning Rate: 5.6e-04
[10:09:45] Epoch Step:    721 | Accumulation Step:  73 | Loss:   1.36 | Tokens / Sec:  1271.5 | Learning Rate: 5.6e-04
[10:10:00] Epoch Step:    761 | Accumulation Step:  77 | Loss:   1.28 | Tokens / Sec:  1275.5 | Learning Rate: 5.6e-04
[10:10:14] Epoch Step:    801 | Accumulation Step:  81 | Loss:   1.22 | Tokens / Sec:  1268.0 | Learning Rate: 5.6e-04
[10:10:28] Epoch Step:    841 | Accumulation Step:  85 | Loss:   0.95 | Tokens / Sec:  1256.9 | Learning Rate: 5.6e-04
[10:10:43] Epoch Step:    881 | Accumulation Step:  89 | Loss:   1.14 | Tokens / Sec:  1271.3 | Learning Rate: 5.6e-04
[10:11:01] epoch 7 done: train 1.1733 | val 1.6549 | perplexity 6.46 | acc 67.4% | KL 0.091 | 336s
[10:11:01] GPU after epoch 7: 74 C, 60 W, 5176 MiB
[10:11:05] resume point saved (epoch 7). safe to stop or lose power here.
[10:11:05] cooldown: GPU 63 C, 15 W, 5190 MiB — pausing 90s
[10:12:35] ===== Epoch 8/30 =====
[10:12:36] Epoch Step:      1 | Accumulation Step:   1 | Loss:   0.95 | Tokens / Sec:  1030.3 | Learning Rate: 5.5e-04
[10:12:51] Epoch Step:     41 | Accumulation Step:   5 | Loss:   0.96 | Tokens / Sec:  1280.7 | Learning Rate: 5.5e-04
[10:13:05] Epoch Step:     81 | Accumulation Step:   9 | Loss:   1.07 | Tokens / Sec:  1289.4 | Learning Rate: 5.5e-04
[10:13:19] Epoch Step:    121 | Accumulation Step:  13 | Loss:   1.22 | Tokens / Sec:  1265.0 | Learning Rate: 5.5e-04
[10:13:34] Epoch Step:    161 | Accumulation Step:  17 | Loss:   0.90 | Tokens / Sec:  1255.2 | Learning Rate: 5.5e-04
[10:13:48] Epoch Step:    201 | Accumulation Step:  21 | Loss:   1.18 | Tokens / Sec:  1255.6 | Learning Rate: 5.5e-04
[10:14:02] Epoch Step:    241 | Accumulation Step:  25 | Loss:   0.96 | Tokens / Sec:  1263.4 | Learning Rate: 5.4e-04
[10:14:17] Epoch Step:    281 | Accumulation Step:  29 | Loss:   1.05 | Tokens / Sec:  1267.5 | Learning Rate: 5.4e-04
[10:14:31] Epoch Step:    321 | Accumulation Step:  33 | Loss:   0.92 | Tokens / Sec:  1257.4 | Learning Rate: 5.4e-04
[10:14:46] Epoch Step:    361 | Accumulation Step:  37 | Loss:   1.03 | Tokens / Sec:  1260.3 | Learning Rate: 5.4e-04
[10:15:00] Epoch Step:    401 | Accumulation Step:  41 | Loss:   0.92 | Tokens / Sec:  1280.7 | Learning Rate: 5.4e-04
[10:15:14] Epoch Step:    441 | Accumulation Step:  45 | Loss:   1.00 | Tokens / Sec:  1284.2 | Learning Rate: 5.4e-04
[10:15:29] Epoch Step:    481 | Accumulation Step:  49 | Loss:   0.98 | Tokens / Sec:  1288.7 | Learning Rate: 5.3e-04
[10:15:43] Epoch Step:    521 | Accumulation Step:  53 | Loss:   1.22 | Tokens / Sec:  1254.0 | Learning Rate: 5.3e-04
[10:15:58] Epoch Step:    561 | Accumulation Step:  57 | Loss:   0.97 | Tokens / Sec:  1285.4 | Learning Rate: 5.3e-04
[10:16:12] Epoch Step:    601 | Accumulation Step:  61 | Loss:   0.99 | Tokens / Sec:  1270.6 | Learning Rate: 5.3e-04
[10:16:27] Epoch Step:    641 | Accumulation Step:  65 | Loss:   1.06 | Tokens / Sec:  1264.1 | Learning Rate: 5.3e-04
[10:16:41] Epoch Step:    681 | Accumulation Step:  69 | Loss:   1.04 | Tokens / Sec:  1262.2 | Learning Rate: 5.3e-04
[10:16:55] Epoch Step:    721 | Accumulation Step:  73 | Loss:   0.95 | Tokens / Sec:  1260.1 | Learning Rate: 5.3e-04
[10:17:10] Epoch Step:    761 | Accumulation Step:  77 | Loss:   0.97 | Tokens / Sec:  1277.6 | Learning Rate: 5.2e-04
[10:17:24] Epoch Step:    801 | Accumulation Step:  81 | Loss:   1.04 | Tokens / Sec:  1258.6 | Learning Rate: 5.2e-04
[10:17:39] Epoch Step:    841 | Accumulation Step:  85 | Loss:   1.00 | Tokens / Sec:  1273.2 | Learning Rate: 5.2e-04
[10:17:53] Epoch Step:    881 | Accumulation Step:  89 | Loss:   0.92 | Tokens / Sec:  1267.9 | Learning Rate: 5.2e-04
[10:18:11] epoch 8 done: train 1.0268 | val 1.6535 | perplexity 6.51 | acc 67.4% | KL 0.102 | 336s
[10:18:11] GPU after epoch 8: 74 C, 120 W, 5180 MiB
[10:18:16] resume point saved (epoch 8). safe to stop or lose power here.
[10:18:16] cooldown: GPU 63 C, 13 W, 5191 MiB — pausing 90s
[10:19:46] ===== Epoch 9/30 =====
[10:19:47] Epoch Step:      1 | Accumulation Step:   1 | Loss:   0.82 | Tokens / Sec:  1100.5 | Learning Rate: 5.2e-04
[10:20:01] Epoch Step:     41 | Accumulation Step:   5 | Loss:   0.82 | Tokens / Sec:  1275.8 | Learning Rate: 5.2e-04
[10:20:15] Epoch Step:     81 | Accumulation Step:   9 | Loss:   1.03 | Tokens / Sec:  1277.3 | Learning Rate: 5.2e-04
[10:20:30] Epoch Step:    121 | Accumulation Step:  13 | Loss:   0.90 | Tokens / Sec:  1280.0 | Learning Rate: 5.1e-04
[10:20:44] Epoch Step:    161 | Accumulation Step:  17 | Loss:   0.91 | Tokens / Sec:  1288.9 | Learning Rate: 5.1e-04
[10:20:58] Epoch Step:    201 | Accumulation Step:  21 | Loss:   1.00 | Tokens / Sec:  1257.8 | Learning Rate: 5.1e-04
[10:21:13] Epoch Step:    241 | Accumulation Step:  25 | Loss:   0.85 | Tokens / Sec:  1269.2 | Learning Rate: 5.1e-04
[10:21:27] Epoch Step:    281 | Accumulation Step:  29 | Loss:   0.76 | Tokens / Sec:  1264.3 | Learning Rate: 5.1e-04
[10:21:42] Epoch Step:    321 | Accumulation Step:  33 | Loss:   0.89 | Tokens / Sec:  1269.6 | Learning Rate: 5.1e-04
[10:21:56] Epoch Step:    361 | Accumulation Step:  37 | Loss:   0.89 | Tokens / Sec:  1267.5 | Learning Rate: 5.1e-04
[10:22:10] Epoch Step:    401 | Accumulation Step:  41 | Loss:   0.89 | Tokens / Sec:  1272.9 | Learning Rate: 5.1e-04
[10:22:25] Epoch Step:    441 | Accumulation Step:  45 | Loss:   0.83 | Tokens / Sec:  1266.9 | Learning Rate: 5.0e-04
[10:22:39] Epoch Step:    481 | Accumulation Step:  49 | Loss:   0.79 | Tokens / Sec:  1264.6 | Learning Rate: 5.0e-04
[10:22:54] Epoch Step:    521 | Accumulation Step:  53 | Loss:   0.94 | Tokens / Sec:  1306.7 | Learning Rate: 5.0e-04
[10:23:08] Epoch Step:    561 | Accumulation Step:  57 | Loss:   0.81 | Tokens / Sec:  1263.7 | Learning Rate: 5.0e-04
[10:23:23] Epoch Step:    601 | Accumulation Step:  61 | Loss:   0.84 | Tokens / Sec:  1249.5 | Learning Rate: 5.0e-04
[10:23:37] Epoch Step:    641 | Accumulation Step:  65 | Loss:   1.00 | Tokens / Sec:  1267.7 | Learning Rate: 5.0e-04
[10:23:51] Epoch Step:    681 | Accumulation Step:  69 | Loss:   1.05 | Tokens / Sec:  1241.5 | Learning Rate: 5.0e-04
[10:24:06] Epoch Step:    721 | Accumulation Step:  73 | Loss:   0.78 | Tokens / Sec:  1261.0 | Learning Rate: 4.9e-04
[10:24:20] Epoch Step:    761 | Accumulation Step:  77 | Loss:   0.94 | Tokens / Sec:  1266.5 | Learning Rate: 4.9e-04
[10:24:35] Epoch Step:    801 | Accumulation Step:  81 | Loss:   0.92 | Tokens / Sec:  1245.0 | Learning Rate: 4.9e-04
[10:24:49] Epoch Step:    841 | Accumulation Step:  85 | Loss:   0.88 | Tokens / Sec:  1280.6 | Learning Rate: 4.9e-04
[10:25:04] Epoch Step:    881 | Accumulation Step:  89 | Loss:   0.88 | Tokens / Sec:  1259.5 | Learning Rate: 4.9e-04
[10:25:22] epoch 9 done: train 0.9050 | val 1.6489 | perplexity 6.37 | acc 68.1% | KL 0.288 | 336s
[10:25:22] GPU after epoch 9: 75 C, 88 W, 5166 MiB
[10:25:25] resume point saved (epoch 9). safe to stop or lose power here.
[10:25:25] cooldown: GPU 65 C, 25 W, 5177 MiB — pausing 90s
[10:26:55] ===== Epoch 10/30 =====
[10:26:56] Epoch Step:      1 | Accumulation Step:   1 | Loss:   0.89 | Tokens / Sec:  1059.6 | Learning Rate: 4.9e-04
[10:27:10] Epoch Step:     41 | Accumulation Step:   5 | Loss:   0.92 | Tokens / Sec:  1289.9 | Learning Rate: 4.9e-04
[10:27:25] Epoch Step:     81 | Accumulation Step:   9 | Loss:   0.78 | Tokens / Sec:  1280.2 | Learning Rate: 4.9e-04
[10:27:39] Epoch Step:    121 | Accumulation Step:  13 | Loss:   0.88 | Tokens / Sec:  1281.4 | Learning Rate: 4.9e-04
[10:27:53] Epoch Step:    161 | Accumulation Step:  17 | Loss:   0.88 | Tokens / Sec:  1271.7 | Learning Rate: 4.8e-04
[10:28:08] Epoch Step:    201 | Accumulation Step:  21 | Loss:   0.71 | Tokens / Sec:  1275.5 | Learning Rate: 4.8e-04
[10:28:22] Epoch Step:    241 | Accumulation Step:  25 | Loss:   0.86 | Tokens / Sec:  1268.1 | Learning Rate: 4.8e-04
[10:28:37] Epoch Step:    281 | Accumulation Step:  29 | Loss:   0.71 | Tokens / Sec:  1256.1 | Learning Rate: 4.8e-04
[10:28:51] Epoch Step:    321 | Accumulation Step:  33 | Loss:   0.91 | Tokens / Sec:  1257.4 | Learning Rate: 4.8e-04
[10:29:05] Epoch Step:    361 | Accumulation Step:  37 | Loss:   0.84 | Tokens / Sec:  1277.5 | Learning Rate: 4.8e-04
[10:29:20] Epoch Step:    401 | Accumulation Step:  41 | Loss:   0.85 | Tokens / Sec:  1277.9 | Learning Rate: 4.8e-04
[10:29:34] Epoch Step:    441 | Accumulation Step:  45 | Loss:   0.81 | Tokens / Sec:  1244.2 | Learning Rate: 4.8e-04
[10:29:49] Epoch Step:    481 | Accumulation Step:  49 | Loss:   0.87 | Tokens / Sec:  1256.8 | Learning Rate: 4.8e-04
[10:30:03] Epoch Step:    521 | Accumulation Step:  53 | Loss:   0.81 | Tokens / Sec:  1259.3 | Learning Rate: 4.7e-04
[10:30:18] Epoch Step:    561 | Accumulation Step:  57 | Loss:   0.78 | Tokens / Sec:  1255.1 | Learning Rate: 4.7e-04
[10:30:32] Epoch Step:    601 | Accumulation Step:  61 | Loss:   0.68 | Tokens / Sec:  1262.0 | Learning Rate: 4.7e-04
[10:30:47] Epoch Step:    641 | Accumulation Step:  65 | Loss:   0.84 | Tokens / Sec:  1259.6 | Learning Rate: 4.7e-04
[10:31:01] Epoch Step:    681 | Accumulation Step:  69 | Loss:   0.87 | Tokens / Sec:  1259.6 | Learning Rate: 4.7e-04
[10:31:16] Epoch Step:    721 | Accumulation Step:  73 | Loss:   0.79 | Tokens / Sec:  1276.7 | Learning Rate: 4.7e-04
[10:31:30] Epoch Step:    761 | Accumulation Step:  77 | Loss:   0.78 | Tokens / Sec:  1258.6 | Learning Rate: 4.7e-04
[10:31:45] Epoch Step:    801 | Accumulation Step:  81 | Loss:   0.77 | Tokens / Sec:  1270.7 | Learning Rate: 4.7e-04
[10:31:59] Epoch Step:    841 | Accumulation Step:  85 | Loss:   0.89 | Tokens / Sec:  1254.2 | Learning Rate: 4.7e-04
[10:32:13] Epoch Step:    881 | Accumulation Step:  89 | Loss:   0.95 | Tokens / Sec:  1277.3 | Learning Rate: 4.6e-04
[10:32:31] epoch 10 done: train 0.8029 | val 1.6609 | perplexity 6.42 | acc 68.5% | KL 0.212 | 336s
[10:32:32] GPU after epoch 10: 74 C, 79 W, 5169 MiB
[10:32:33] checkpoint saved: results\checkpoints\multi30k_de_en_10ep.pt  —  scoring BLEU (this takes a few minutes) ...
[10:43:05] BLEU @ 10ep — valid 35.9 | test 37.04
[10:43:11] resume point saved (epoch 10). safe to stop or lose power here.
[10:43:11] cooldown: GPU 54 C, 12 W, 5181 MiB — pausing 90s
# training log — resumed 2026-08-29 16:23:15
[16:23:15] device=cuda  model N=6 d_model=512 d_ff=2048 heads=8  batch=32
[16:23:15] vocab: de=19953  en=11158
[16:23:15] ===== Epoch 11/30 =====
[16:23:17] Epoch Step:      1 | Accumulation Step:   1 | Loss:   0.74 | Tokens / Sec:   757.4 | Learning Rate: 4.6e-04
[16:23:31] Epoch Step:     41 | Accumulation Step:   5 | Loss:   0.64 | Tokens / Sec:  1229.3 | Learning Rate: 4.6e-04
[16:23:46] Epoch Step:     81 | Accumulation Step:   9 | Loss:   0.63 | Tokens / Sec:  1235.2 | Learning Rate: 4.6e-04
[16:24:01] Epoch Step:    121 | Accumulation Step:  13 | Loss:   0.56 | Tokens / Sec:  1270.9 | Learning Rate: 4.6e-04
[16:24:15] Epoch Step:    161 | Accumulation Step:  17 | Loss:   0.73 | Tokens / Sec:  1251.4 | Learning Rate: 4.6e-04
[16:24:30] Epoch Step:    201 | Accumulation Step:  21 | Loss:   0.78 | Tokens / Sec:  1266.5 | Learning Rate: 4.6e-04
[16:24:44] Epoch Step:    241 | Accumulation Step:  25 | Loss:   0.75 | Tokens / Sec:  1275.5 | Learning Rate: 4.6e-04
[16:24:59] Epoch Step:    281 | Accumulation Step:  29 | Loss:   0.75 | Tokens / Sec:  1252.7 | Learning Rate: 4.6e-04
[16:25:13] Epoch Step:    321 | Accumulation Step:  33 | Loss:   0.75 | Tokens / Sec:  1248.6 | Learning Rate: 4.6e-04
[16:25:28] Epoch Step:    361 | Accumulation Step:  37 | Loss:   0.67 | Tokens / Sec:  1267.8 | Learning Rate: 4.6e-04
[16:25:42] Epoch Step:    401 | Accumulation Step:  41 | Loss:   0.66 | Tokens / Sec:  1256.1 | Learning Rate: 4.5e-04
[16:25:57] Epoch Step:    441 | Accumulation Step:  45 | Loss:   0.69 | Tokens / Sec:  1251.6 | Learning Rate: 4.5e-04
[16:26:11] Epoch Step:    481 | Accumulation Step:  49 | Loss:   0.74 | Tokens / Sec:  1248.6 | Learning Rate: 4.5e-04
[16:26:26] Epoch Step:    521 | Accumulation Step:  53 | Loss:   0.93 | Tokens / Sec:  1290.1 | Learning Rate: 4.5e-04
[16:26:40] Epoch Step:    561 | Accumulation Step:  57 | Loss:   0.72 | Tokens / Sec:  1249.1 | Learning Rate: 4.5e-04
[16:26:55] Epoch Step:    601 | Accumulation Step:  61 | Loss:   0.80 | Tokens / Sec:  1239.4 | Learning Rate: 4.5e-04
[16:27:10] Epoch Step:    641 | Accumulation Step:  65 | Loss:   0.72 | Tokens / Sec:  1256.5 | Learning Rate: 4.5e-04
[16:27:24] Epoch Step:    681 | Accumulation Step:  69 | Loss:   0.87 | Tokens / Sec:  1253.3 | Learning Rate: 4.5e-04
[16:27:39] Epoch Step:    721 | Accumulation Step:  73 | Loss:   0.70 | Tokens / Sec:  1253.3 | Learning Rate: 4.5e-04
[16:27:53] Epoch Step:    761 | Accumulation Step:  77 | Loss:   0.70 | Tokens / Sec:  1258.2 | Learning Rate: 4.5e-04
[16:28:08] Epoch Step:    801 | Accumulation Step:  81 | Loss:   0.74 | Tokens / Sec:  1255.7 | Learning Rate: 4.4e-04
[16:28:22] Epoch Step:    841 | Accumulation Step:  85 | Loss:   0.76 | Tokens / Sec:  1283.2 | Learning Rate: 4.4e-04
[16:28:37] Epoch Step:    881 | Accumulation Step:  89 | Loss:   0.71 | Tokens / Sec:  1246.5 | Learning Rate: 4.4e-04
[16:28:55] epoch 11 done: train 0.7102 | val 1.6550 | perplexity 6.37 | acc 69.0% | KL 0.158 | 339s
[16:28:55] GPU after epoch 11: 71 C, 66 W, 5322 MiB
[16:28:58] resume point saved (epoch 11). safe to stop or lose power here.
[16:28:58] cooldown: GPU 63 C, 18 W, 5307 MiB — pausing 90s
[16:30:28] ===== Epoch 12/30 =====
[16:30:29] Epoch Step:      1 | Accumulation Step:   1 | Loss:   0.63 | Tokens / Sec:  1111.7 | Learning Rate: 4.4e-04
[16:30:43] Epoch Step:     41 | Accumulation Step:   5 | Loss:   0.69 | Tokens / Sec:  1285.0 | Learning Rate: 4.4e-04
[16:30:58] Epoch Step:     81 | Accumulation Step:   9 | Loss:   0.58 | Tokens / Sec:  1272.1 | Learning Rate: 4.4e-04
[16:31:12] Epoch Step:    121 | Accumulation Step:  13 | Loss:   0.60 | Tokens / Sec:  1285.4 | Learning Rate: 4.4e-04
[16:31:26] Epoch Step:    161 | Accumulation Step:  17 | Loss:   0.64 | Tokens / Sec:  1272.8 | Learning Rate: 4.4e-04
[16:31:41] Epoch Step:    201 | Accumulation Step:  21 | Loss:   0.54 | Tokens / Sec:  1267.2 | Learning Rate: 4.4e-04
[16:31:55] Epoch Step:    241 | Accumulation Step:  25 | Loss:   0.70 | Tokens / Sec:  1287.8 | Learning Rate: 4.4e-04
[16:32:09] Epoch Step:    281 | Accumulation Step:  29 | Loss:   0.64 | Tokens / Sec:  1271.7 | Learning Rate: 4.4e-04
[16:32:24] Epoch Step:    321 | Accumulation Step:  33 | Loss:   0.54 | Tokens / Sec:  1281.3 | Learning Rate: 4.4e-04
[16:32:38] Epoch Step:    361 | Accumulation Step:  37 | Loss:   0.64 | Tokens / Sec:  1258.8 | Learning Rate: 4.3e-04
[16:32:53] Epoch Step:    401 | Accumulation Step:  41 | Loss:   0.66 | Tokens / Sec:  1278.5 | Learning Rate: 4.3e-04
[16:33:07] Epoch Step:    441 | Accumulation Step:  45 | Loss:   0.62 | Tokens / Sec:  1248.4 | Learning Rate: 4.3e-04
[16:33:21] Epoch Step:    481 | Accumulation Step:  49 | Loss:   0.65 | Tokens / Sec:  1270.9 | Learning Rate: 4.3e-04
[16:33:36] Epoch Step:    521 | Accumulation Step:  53 | Loss:   0.53 | Tokens / Sec:  1288.9 | Learning Rate: 4.3e-04
[16:33:50] Epoch Step:    561 | Accumulation Step:  57 | Loss:   0.79 | Tokens / Sec:  1260.0 | Learning Rate: 4.3e-04
[16:34:05] Epoch Step:    601 | Accumulation Step:  61 | Loss:   0.58 | Tokens / Sec:  1266.8 | Learning Rate: 4.3e-04
[16:34:19] Epoch Step:    641 | Accumulation Step:  65 | Loss:   0.78 | Tokens / Sec:  1279.1 | Learning Rate: 4.3e-04
[16:34:33] Epoch Step:    681 | Accumulation Step:  69 | Loss:   0.67 | Tokens / Sec:  1279.0 | Learning Rate: 4.3e-04
[16:34:48] Epoch Step:    721 | Accumulation Step:  73 | Loss:   0.62 | Tokens / Sec:  1278.9 | Learning Rate: 4.3e-04
[16:35:02] Epoch Step:    761 | Accumulation Step:  77 | Loss:   0.56 | Tokens / Sec:  1256.6 | Learning Rate: 4.3e-04
[16:35:16] Epoch Step:    801 | Accumulation Step:  81 | Loss:   0.65 | Tokens / Sec:  1269.4 | Learning Rate: 4.3e-04
[16:35:31] Epoch Step:    841 | Accumulation Step:  85 | Loss:   0.60 | Tokens / Sec:  1278.1 | Learning Rate: 4.2e-04
[16:35:45] Epoch Step:    881 | Accumulation Step:  89 | Loss:   0.60 | Tokens / Sec:  1259.6 | Learning Rate: 4.2e-04
[16:36:03] epoch 12 done: train 0.6246 | val 1.6949 | perplexity 6.65 | acc 68.3% | KL 0.098 | 334s
[16:36:03] GPU after epoch 12: 69 C, 99 W, 5312 MiB
[16:36:06] resume point saved (epoch 12). safe to stop or lose power here.
[16:36:06] cooldown: GPU 59 C, 16 W, 5309 MiB — pausing 90s
[16:37:36] ===== Epoch 13/30 =====
[16:37:38] Epoch Step:      1 | Accumulation Step:   1 | Loss:   0.56 | Tokens / Sec:   941.4 | Learning Rate: 4.2e-04
[16:37:52] Epoch Step:     41 | Accumulation Step:   5 | Loss:   0.54 | Tokens / Sec:  1274.9 | Learning Rate: 4.2e-04
[16:38:06] Epoch Step:     81 | Accumulation Step:   9 | Loss:   0.62 | Tokens / Sec:  1270.5 | Learning Rate: 4.2e-04
[16:38:20] Epoch Step:    121 | Accumulation Step:  13 | Loss:   0.50 | Tokens / Sec:  1274.0 | Learning Rate: 4.2e-04
[16:38:35] Epoch Step:    161 | Accumulation Step:  17 | Loss:   0.60 | Tokens / Sec:  1264.8 | Learning Rate: 4.2e-04
[16:38:49] Epoch Step:    201 | Accumulation Step:  21 | Loss:   0.49 | Tokens / Sec:  1294.1 | Learning Rate: 4.2e-04
[16:39:03] Epoch Step:    241 | Accumulation Step:  25 | Loss:   0.47 | Tokens / Sec:  1273.6 | Learning Rate: 4.2e-04
[16:39:18] Epoch Step:    281 | Accumulation Step:  29 | Loss:   0.57 | Tokens / Sec:  1277.2 | Learning Rate: 4.2e-04
[16:39:32] Epoch Step:    321 | Accumulation Step:  33 | Loss:   0.49 | Tokens / Sec:  1284.7 | Learning Rate: 4.2e-04
[16:39:46] Epoch Step:    361 | Accumulation Step:  37 | Loss:   0.50 | Tokens / Sec:  1281.7 | Learning Rate: 4.2e-04
[16:40:01] Epoch Step:    401 | Accumulation Step:  41 | Loss:   0.56 | Tokens / Sec:  1286.4 | Learning Rate: 4.2e-04
[16:40:15] Epoch Step:    441 | Accumulation Step:  45 | Loss:   0.45 | Tokens / Sec:  1276.8 | Learning Rate: 4.2e-04
[16:40:30] Epoch Step:    481 | Accumulation Step:  49 | Loss:   0.60 | Tokens / Sec:  1276.4 | Learning Rate: 4.1e-04
[16:40:44] Epoch Step:    521 | Accumulation Step:  53 | Loss:   0.56 | Tokens / Sec:  1262.1 | Learning Rate: 4.1e-04
[16:40:58] Epoch Step:    561 | Accumulation Step:  57 | Loss:   0.51 | Tokens / Sec:  1274.5 | Learning Rate: 4.1e-04
[16:41:13] Epoch Step:    601 | Accumulation Step:  61 | Loss:   0.55 | Tokens / Sec:  1267.4 | Learning Rate: 4.1e-04
[16:41:27] Epoch Step:    641 | Accumulation Step:  65 | Loss:   0.49 | Tokens / Sec:  1275.8 | Learning Rate: 4.1e-04
[16:41:41] Epoch Step:    681 | Accumulation Step:  69 | Loss:   0.57 | Tokens / Sec:  1281.4 | Learning Rate: 4.1e-04
[16:41:56] Epoch Step:    721 | Accumulation Step:  73 | Loss:   0.57 | Tokens / Sec:  1252.8 | Learning Rate: 4.1e-04
[16:42:10] Epoch Step:    761 | Accumulation Step:  77 | Loss:   0.60 | Tokens / Sec:  1262.3 | Learning Rate: 4.1e-04
[16:42:25] Epoch Step:    801 | Accumulation Step:  81 | Loss:   0.58 | Tokens / Sec:  1264.4 | Learning Rate: 4.1e-04
[16:42:39] Epoch Step:    841 | Accumulation Step:  85 | Loss:   0.54 | Tokens / Sec:  1262.1 | Learning Rate: 4.1e-04
[16:42:53] Epoch Step:    881 | Accumulation Step:  89 | Loss:   0.63 | Tokens / Sec:  1272.2 | Learning Rate: 4.1e-04
[16:43:11] epoch 13 done: train 0.5456 | val 1.7067 | perplexity 6.84 | acc 68.2% | KL 0.108 | 335s
[16:43:11] GPU after epoch 13: 69 C, 97 W, 5310 MiB
[16:43:14] resume point saved (epoch 13). safe to stop or lose power here.
[16:43:15] cooldown: GPU 59 C, 17 W, 5314 MiB — pausing 90s
[16:44:45] ===== Epoch 14/30 =====
[16:44:46] Epoch Step:      1 | Accumulation Step:   1 | Loss:   0.46 | Tokens / Sec:   929.6 | Learning Rate: 4.1e-04
[16:45:00] Epoch Step:     41 | Accumulation Step:   5 | Loss:   0.49 | Tokens / Sec:  1267.7 | Learning Rate: 4.1e-04
[16:45:14] Epoch Step:     81 | Accumulation Step:   9 | Loss:   0.44 | Tokens / Sec:  1282.0 | Learning Rate: 4.1e-04
[16:45:28] Epoch Step:    121 | Accumulation Step:  13 | Loss:   0.43 | Tokens / Sec:  1286.0 | Learning Rate: 4.0e-04
[16:45:43] Epoch Step:    161 | Accumulation Step:  17 | Loss:   0.45 | Tokens / Sec:  1276.4 | Learning Rate: 4.0e-04
[16:45:57] Epoch Step:    201 | Accumulation Step:  21 | Loss:   0.48 | Tokens / Sec:  1272.9 | Learning Rate: 4.0e-04
[16:46:12] Epoch Step:    241 | Accumulation Step:  25 | Loss:   0.49 | Tokens / Sec:  1261.2 | Learning Rate: 4.0e-04
[16:46:26] Epoch Step:    281 | Accumulation Step:  29 | Loss:   0.42 | Tokens / Sec:  1279.7 | Learning Rate: 4.0e-04
[16:46:40] Epoch Step:    321 | Accumulation Step:  33 | Loss:   0.45 | Tokens / Sec:  1261.3 | Learning Rate: 4.0e-04
[16:46:55] Epoch Step:    361 | Accumulation Step:  37 | Loss:   0.48 | Tokens / Sec:  1275.5 | Learning Rate: 4.0e-04
[16:47:09] Epoch Step:    401 | Accumulation Step:  41 | Loss:   0.51 | Tokens / Sec:  1249.5 | Learning Rate: 4.0e-04
[16:47:24] Epoch Step:    441 | Accumulation Step:  45 | Loss:   0.49 | Tokens / Sec:  1238.3 | Learning Rate: 4.0e-04
[16:47:38] Epoch Step:    481 | Accumulation Step:  49 | Loss:   0.53 | Tokens / Sec:  1280.1 | Learning Rate: 4.0e-04
[16:47:53] Epoch Step:    521 | Accumulation Step:  53 | Loss:   0.43 | Tokens / Sec:  1258.7 | Learning Rate: 4.0e-04
[16:48:07] Epoch Step:    561 | Accumulation Step:  57 | Loss:   0.47 | Tokens / Sec:  1283.9 | Learning Rate: 4.0e-04
[16:48:21] Epoch Step:    601 | Accumulation Step:  61 | Loss:   0.56 | Tokens / Sec:  1270.7 | Learning Rate: 4.0e-04
[16:48:36] Epoch Step:    641 | Accumulation Step:  65 | Loss:   0.52 | Tokens / Sec:  1285.7 | Learning Rate: 4.0e-04
[16:48:50] Epoch Step:    681 | Accumulation Step:  69 | Loss:   0.49 | Tokens / Sec:  1287.7 | Learning Rate: 4.0e-04
[16:49:04] Epoch Step:    721 | Accumulation Step:  73 | Loss:   0.51 | Tokens / Sec:  1269.5 | Learning Rate: 4.0e-04
[16:49:19] Epoch Step:    761 | Accumulation Step:  77 | Loss:   0.50 | Tokens / Sec:  1261.4 | Learning Rate: 3.9e-04
[16:49:33] Epoch Step:    801 | Accumulation Step:  81 | Loss:   0.55 | Tokens / Sec:  1272.6 | Learning Rate: 3.9e-04
[16:49:47] Epoch Step:    841 | Accumulation Step:  85 | Loss:   0.46 | Tokens / Sec:  1291.4 | Learning Rate: 3.9e-04
[16:50:02] Epoch Step:    881 | Accumulation Step:  89 | Loss:   0.52 | Tokens / Sec:  1261.3 | Learning Rate: 3.9e-04
[16:50:19] epoch 14 done: train 0.4822 | val 1.7230 | perplexity 6.90 | acc 68.5% | KL 0.204 | 335s
[16:50:19] GPU after epoch 14: 68 C, 36 W, 5293 MiB
[16:50:24] resume point saved (epoch 14). safe to stop or lose power here.
[16:50:24] cooldown: GPU 57 C, 11 W, 5278 MiB — pausing 90s
# training log — resumed 2026-08-29 16:52:34
[16:52:34] device=cuda  model N=6 d_model=512 d_ff=2048 heads=8  batch=32
[16:52:34] vocab: de=19953  en=11158
[16:52:34] ===== Epoch 15/20 =====
[16:52:35] Epoch Step:      1 | Accumulation Step:   1 | Loss:   0.43 | Tokens / Sec:   994.5 | Learning Rate: 3.9e-04
[16:52:49] Epoch Step:     41 | Accumulation Step:   5 | Loss:   0.36 | Tokens / Sec:  1239.7 | Learning Rate: 3.9e-04
[16:53:04] Epoch Step:     81 | Accumulation Step:   9 | Loss:   0.34 | Tokens / Sec:  1266.2 | Learning Rate: 3.9e-04
[16:53:18] Epoch Step:    121 | Accumulation Step:  13 | Loss:   0.33 | Tokens / Sec:  1276.8 | Learning Rate: 3.9e-04
[16:53:33] Epoch Step:    161 | Accumulation Step:  17 | Loss:   0.37 | Tokens / Sec:  1267.8 | Learning Rate: 3.9e-04
[16:53:47] Epoch Step:    201 | Accumulation Step:  21 | Loss:   0.39 | Tokens / Sec:  1271.2 | Learning Rate: 3.9e-04
[16:54:02] Epoch Step:    241 | Accumulation Step:  25 | Loss:   0.39 | Tokens / Sec:  1273.8 | Learning Rate: 3.9e-04
[16:54:16] Epoch Step:    281 | Accumulation Step:  29 | Loss:   0.39 | Tokens / Sec:  1248.8 | Learning Rate: 3.9e-04
[16:54:31] Epoch Step:    321 | Accumulation Step:  33 | Loss:   0.42 | Tokens / Sec:  1256.6 | Learning Rate: 3.9e-04
[16:54:45] Epoch Step:    361 | Accumulation Step:  37 | Loss:   0.37 | Tokens / Sec:  1278.5 | Learning Rate: 3.9e-04
[16:54:59] Epoch Step:    401 | Accumulation Step:  41 | Loss:   0.38 | Tokens / Sec:  1260.0 | Learning Rate: 3.9e-04
[16:55:14] Epoch Step:    441 | Accumulation Step:  45 | Loss:   0.35 | Tokens / Sec:  1254.8 | Learning Rate: 3.9e-04
[16:55:28] Epoch Step:    481 | Accumulation Step:  49 | Loss:   0.39 | Tokens / Sec:  1259.9 | Learning Rate: 3.8e-04
[16:55:43] Epoch Step:    521 | Accumulation Step:  53 | Loss:   0.49 | Tokens / Sec:  1296.5 | Learning Rate: 3.8e-04
[16:55:57] Epoch Step:    561 | Accumulation Step:  57 | Loss:   0.39 | Tokens / Sec:  1253.0 | Learning Rate: 3.8e-04
[16:56:12] Epoch Step:    601 | Accumulation Step:  61 | Loss:   0.41 | Tokens / Sec:  1241.4 | Learning Rate: 3.8e-04
[16:56:26] Epoch Step:    641 | Accumulation Step:  65 | Loss:   0.37 | Tokens / Sec:  1255.3 | Learning Rate: 3.8e-04
[16:56:41] Epoch Step:    681 | Accumulation Step:  69 | Loss:   0.48 | Tokens / Sec:  1255.0 | Learning Rate: 3.8e-04
[16:56:55] Epoch Step:    721 | Accumulation Step:  73 | Loss:   0.41 | Tokens / Sec:  1261.5 | Learning Rate: 3.8e-04
[16:57:10] Epoch Step:    761 | Accumulation Step:  77 | Loss:   0.35 | Tokens / Sec:  1264.7 | Learning Rate: 3.8e-04
[16:57:24] Epoch Step:    801 | Accumulation Step:  81 | Loss:   0.37 | Tokens / Sec:  1259.6 | Learning Rate: 3.8e-04
[16:57:39] Epoch Step:    841 | Accumulation Step:  85 | Loss:   0.38 | Tokens / Sec:  1289.1 | Learning Rate: 3.8e-04
[16:57:53] Epoch Step:    881 | Accumulation Step:  89 | Loss:   0.36 | Tokens / Sec:  1251.2 | Learning Rate: 3.8e-04
[16:58:11] epoch 15 done: train 0.3863 | val 1.7907 | perplexity 7.49 | acc 68.2% | KL 0.134 | 337s
[16:58:11] GPU after epoch 15: 67 C, 36 W, 5296 MiB
[16:58:12] checkpoint saved: results\checkpoints\multi30k_de_en_15ep.pt  —  scoring BLEU (this takes a few minutes) ...
[17:08:25] BLEU @ 15ep — valid 36.13 | test 36.1
[17:08:33] resume point saved (epoch 15). safe to stop or lose power here.
[17:08:33] cooldown: GPU 53 C, 11 W, 5317 MiB — pausing 90s
