# training log — started 2026-08-29 17:13:56
[17:13:56] device=cuda  model N=6 d_model=512 d_ff=2048 heads=8  batch=32
[17:13:56] direction: en-de  src vocab=11158  tgt vocab=19953
[17:13:56] ===== Epoch 1/15 =====
[17:13:57] Epoch Step:      1 | Accumulation Step:   1 | Loss:   8.62 | Tokens / Sec:   875.7 | Learning Rate: 5.4e-07
[17:14:13] Epoch Step:     41 | Accumulation Step:   5 | Loss:   8.50 | Tokens / Sec:  1121.0 | Learning Rate: 1.1e-05
[17:14:28] Epoch Step:     81 | Accumulation Step:   9 | Loss:   8.27 | Tokens / Sec:  1124.9 | Learning Rate: 2.2e-05
[17:14:44] Epoch Step:    121 | Accumulation Step:  13 | Loss:   8.08 | Tokens / Sec:  1125.5 | Learning Rate: 3.3e-05
[17:14:59] Epoch Step:    161 | Accumulation Step:  17 | Loss:   7.93 | Tokens / Sec:  1136.2 | Learning Rate: 4.4e-05
[17:15:14] Epoch Step:    201 | Accumulation Step:  21 | Loss:   7.80 | Tokens / Sec:  1114.2 | Learning Rate: 5.4e-05
[17:15:30] Epoch Step:    241 | Accumulation Step:  25 | Loss:   7.66 | Tokens / Sec:  1116.5 | Learning Rate: 6.5e-05
[17:15:45] Epoch Step:    281 | Accumulation Step:  29 | Loss:   7.51 | Tokens / Sec:  1140.4 | Learning Rate: 7.6e-05
[17:16:01] Epoch Step:    321 | Accumulation Step:  33 | Loss:   7.29 | Tokens / Sec:  1114.8 | Learning Rate: 8.7e-05
[17:16:16] Epoch Step:    361 | Accumulation Step:  37 | Loss:   7.04 | Tokens / Sec:  1123.2 | Learning Rate: 9.7e-05
[17:16:32] Epoch Step:    401 | Accumulation Step:  41 | Loss:   6.88 | Tokens / Sec:  1117.1 | Learning Rate: 1.1e-04
[17:16:47] Epoch Step:    441 | Accumulation Step:  45 | Loss:   6.46 | Tokens / Sec:  1129.5 | Learning Rate: 1.2e-04
[17:17:03] Epoch Step:    481 | Accumulation Step:  49 | Loss:   6.37 | Tokens / Sec:  1140.6 | Learning Rate: 1.3e-04
[17:17:18] Epoch Step:    521 | Accumulation Step:  53 | Loss:   6.03 | Tokens / Sec:  1137.8 | Learning Rate: 1.4e-04
[17:17:33] Epoch Step:    561 | Accumulation Step:  57 | Loss:   5.77 | Tokens / Sec:  1124.7 | Learning Rate: 1.5e-04
[17:17:49] Epoch Step:    601 | Accumulation Step:  61 | Loss:   5.63 | Tokens / Sec:  1145.0 | Learning Rate: 1.6e-04
[17:18:04] Epoch Step:    641 | Accumulation Step:  65 | Loss:   5.31 | Tokens / Sec:  1105.2 | Learning Rate: 1.7e-04
[17:18:20] Epoch Step:    681 | Accumulation Step:  69 | Loss:   5.09 | Tokens / Sec:  1114.9 | Learning Rate: 1.8e-04
[17:18:35] Epoch Step:    721 | Accumulation Step:  73 | Loss:   4.95 | Tokens / Sec:  1120.4 | Learning Rate: 1.9e-04
[17:18:51] Epoch Step:    761 | Accumulation Step:  77 | Loss:   4.73 | Tokens / Sec:  1114.3 | Learning Rate: 2.0e-04
[17:19:06] Epoch Step:    801 | Accumulation Step:  81 | Loss:   4.70 | Tokens / Sec:  1125.1 | Learning Rate: 2.2e-04
[17:19:22] Epoch Step:    841 | Accumulation Step:  85 | Loss:   4.74 | Tokens / Sec:  1119.0 | Learning Rate: 2.3e-04
[17:19:37] Epoch Step:    881 | Accumulation Step:  89 | Loss:   4.53 | Tokens / Sec:  1139.0 | Learning Rate: 2.4e-04
[17:19:57] epoch 1 done: train 6.4848 | val 4.6262 | perplexity 214.27 | acc 24.2% | KL 0.750 | 361s
[17:19:57] GPU after epoch 1: 67 C, 68 W, 5431 MiB
[17:20:01] resume point saved (epoch 1). safe to stop or lose power here.
[17:20:01] cooldown: GPU 58 C, 14 W, 5432 MiB — pausing 90s
[17:21:31] ===== Epoch 2/15 =====
[17:21:32] Epoch Step:      1 | Accumulation Step:   1 | Loss:   4.71 | Tokens / Sec:   983.2 | Learning Rate: 2.4e-04
[17:21:47] Epoch Step:     41 | Accumulation Step:   5 | Loss:   4.68 | Tokens / Sec:  1150.6 | Learning Rate: 2.6e-04
[17:22:03] Epoch Step:     81 | Accumulation Step:   9 | Loss:   4.57 | Tokens / Sec:  1127.2 | Learning Rate: 2.7e-04
[17:22:18] Epoch Step:    121 | Accumulation Step:  13 | Loss:   4.48 | Tokens / Sec:  1107.0 | Learning Rate: 2.8e-04
[17:22:33] Epoch Step:    161 | Accumulation Step:  17 | Loss:   4.25 | Tokens / Sec:  1130.2 | Learning Rate: 2.9e-04
[17:22:49] Epoch Step:    201 | Accumulation Step:  21 | Loss:   4.16 | Tokens / Sec:  1132.2 | Learning Rate: 3.0e-04
[17:23:04] Epoch Step:    241 | Accumulation Step:  25 | Loss:   4.18 | Tokens / Sec:  1120.6 | Learning Rate: 3.1e-04
[17:23:19] Epoch Step:    281 | Accumulation Step:  29 | Loss:   4.28 | Tokens / Sec:  1126.1 | Learning Rate: 3.2e-04
[17:23:35] Epoch Step:    321 | Accumulation Step:  33 | Loss:   3.99 | Tokens / Sec:  1113.3 | Learning Rate: 3.3e-04
[17:23:50] Epoch Step:    361 | Accumulation Step:  37 | Loss:   4.08 | Tokens / Sec:  1146.2 | Learning Rate: 3.4e-04
[17:24:06] Epoch Step:    401 | Accumulation Step:  41 | Loss:   3.93 | Tokens / Sec:  1121.5 | Learning Rate: 3.5e-04
[17:24:21] Epoch Step:    441 | Accumulation Step:  45 | Loss:   3.88 | Tokens / Sec:  1140.5 | Learning Rate: 3.6e-04
[17:24:36] Epoch Step:    481 | Accumulation Step:  49 | Loss:   4.03 | Tokens / Sec:  1138.3 | Learning Rate: 3.7e-04
[17:24:52] Epoch Step:    521 | Accumulation Step:  53 | Loss:   4.05 | Tokens / Sec:  1137.9 | Learning Rate: 3.8e-04
[17:25:07] Epoch Step:    561 | Accumulation Step:  57 | Loss:   3.46 | Tokens / Sec:  1124.8 | Learning Rate: 4.0e-04
[17:25:22] Epoch Step:    601 | Accumulation Step:  61 | Loss:   3.57 | Tokens / Sec:  1140.7 | Learning Rate: 4.1e-04
[17:25:38] Epoch Step:    641 | Accumulation Step:  65 | Loss:   3.65 | Tokens / Sec:  1136.1 | Learning Rate: 4.2e-04
[17:25:53] Epoch Step:    681 | Accumulation Step:  69 | Loss:   3.71 | Tokens / Sec:  1140.7 | Learning Rate: 4.3e-04
[17:26:09] Epoch Step:    721 | Accumulation Step:  73 | Loss:   3.73 | Tokens / Sec:  1131.0 | Learning Rate: 4.4e-04
[17:26:24] Epoch Step:    761 | Accumulation Step:  77 | Loss:   3.68 | Tokens / Sec:  1129.3 | Learning Rate: 4.5e-04
[17:26:39] Epoch Step:    801 | Accumulation Step:  81 | Loss:   3.28 | Tokens / Sec:  1131.1 | Learning Rate: 4.6e-04
[17:26:55] Epoch Step:    841 | Accumulation Step:  85 | Loss:   3.47 | Tokens / Sec:  1118.6 | Learning Rate: 4.7e-04
[17:27:10] Epoch Step:    881 | Accumulation Step:  89 | Loss:   3.42 | Tokens / Sec:  1139.5 | Learning Rate: 4.8e-04
[17:27:29] epoch 2 done: train 3.9924 | val 3.4837 | perplexity 56.50 | acc 36.7% | KL 0.168 | 358s
[17:27:29] GPU after epoch 2: 68 C, 119 W, 5442 MiB
[17:27:34] resume point saved (epoch 2). safe to stop or lose power here.
[17:27:34] cooldown: GPU 57 C, 12 W, 5428 MiB — pausing 90s
[17:29:04] ===== Epoch 3/15 =====
[17:29:05] Epoch Step:      1 | Accumulation Step:   1 | Loss:   3.31 | Tokens / Sec:   941.0 | Learning Rate: 4.9e-04
[17:29:20] Epoch Step:     41 | Accumulation Step:   5 | Loss:   3.18 | Tokens / Sec:  1141.4 | Learning Rate: 5.0e-04
[17:29:36] Epoch Step:     81 | Accumulation Step:   9 | Loss:   3.20 | Tokens / Sec:  1138.4 | Learning Rate: 5.1e-04
[17:29:51] Epoch Step:    121 | Accumulation Step:  13 | Loss:   3.44 | Tokens / Sec:  1135.6 | Learning Rate: 5.2e-04
[17:30:06] Epoch Step:    161 | Accumulation Step:  17 | Loss:   3.32 | Tokens / Sec:  1128.0 | Learning Rate: 5.3e-04
[17:30:22] Epoch Step:    201 | Accumulation Step:  21 | Loss:   3.51 | Tokens / Sec:  1125.4 | Learning Rate: 5.4e-04
[17:30:37] Epoch Step:    241 | Accumulation Step:  25 | Loss:   3.08 | Tokens / Sec:  1119.5 | Learning Rate: 5.5e-04
[17:30:52] Epoch Step:    281 | Accumulation Step:  29 | Loss:   2.97 | Tokens / Sec:  1140.6 | Learning Rate: 5.6e-04
[17:31:08] Epoch Step:    321 | Accumulation Step:  33 | Loss:   3.06 | Tokens / Sec:  1140.2 | Learning Rate: 5.7e-04
[17:31:23] Epoch Step:    361 | Accumulation Step:  37 | Loss:   2.79 | Tokens / Sec:  1125.4 | Learning Rate: 5.9e-04
[17:31:39] Epoch Step:    401 | Accumulation Step:  41 | Loss:   3.03 | Tokens / Sec:  1125.2 | Learning Rate: 6.0e-04
[17:31:54] Epoch Step:    441 | Accumulation Step:  45 | Loss:   2.99 | Tokens / Sec:  1144.8 | Learning Rate: 6.1e-04
[17:32:09] Epoch Step:    481 | Accumulation Step:  49 | Loss:   3.03 | Tokens / Sec:  1133.2 | Learning Rate: 6.2e-04
[17:32:25] Epoch Step:    521 | Accumulation Step:  53 | Loss:   3.25 | Tokens / Sec:  1115.4 | Learning Rate: 6.3e-04
[17:32:40] Epoch Step:    561 | Accumulation Step:  57 | Loss:   2.99 | Tokens / Sec:  1139.4 | Learning Rate: 6.4e-04
[17:32:56] Epoch Step:    601 | Accumulation Step:  61 | Loss:   2.85 | Tokens / Sec:  1138.2 | Learning Rate: 6.5e-04
[17:33:11] Epoch Step:    641 | Accumulation Step:  65 | Loss:   2.79 | Tokens / Sec:  1123.6 | Learning Rate: 6.6e-04
[17:33:26] Epoch Step:    681 | Accumulation Step:  69 | Loss:   2.70 | Tokens / Sec:  1130.4 | Learning Rate: 6.7e-04
[17:33:42] Epoch Step:    721 | Accumulation Step:  73 | Loss:   2.94 | Tokens / Sec:  1136.2 | Learning Rate: 6.8e-04
[17:33:57] Epoch Step:    761 | Accumulation Step:  77 | Loss:   2.71 | Tokens / Sec:  1120.5 | Learning Rate: 6.9e-04
[17:34:12] Epoch Step:    801 | Accumulation Step:  81 | Loss:   2.66 | Tokens / Sec:  1126.9 | Learning Rate: 7.0e-04
[17:34:28] Epoch Step:    841 | Accumulation Step:  85 | Loss:   2.50 | Tokens / Sec:  1138.8 | Learning Rate: 7.1e-04
[17:34:43] Epoch Step:    881 | Accumulation Step:  89 | Loss:   2.75 | Tokens / Sec:  1130.4 | Learning Rate: 7.3e-04
[17:35:02] epoch 3 done: train 2.9851 | val 2.6412 | perplexity 21.35 | acc 50.1% | KL 0.172 | 358s
[17:35:02] GPU after epoch 3: 68 C, 115 W, 5438 MiB
[17:35:07] resume point saved (epoch 3). safe to stop or lose power here.
[17:35:07] cooldown: GPU 57 C, 12 W, 5428 MiB — pausing 90s
[17:36:37] ===== Epoch 4/15 =====
[17:36:39] Epoch Step:      1 | Accumulation Step:   1 | Loss:   2.60 | Tokens / Sec:   969.7 | Learning Rate: 7.3e-04
[17:36:54] Epoch Step:     41 | Accumulation Step:   5 | Loss:   2.39 | Tokens / Sec:  1125.5 | Learning Rate: 7.4e-04
[17:37:09] Epoch Step:     81 | Accumulation Step:   9 | Loss:   2.16 | Tokens / Sec:  1112.8 | Learning Rate: 7.5e-04
[17:37:24] Epoch Step:    121 | Accumulation Step:  13 | Loss:   2.48 | Tokens / Sec:  1125.4 | Learning Rate: 7.6e-04
[17:37:40] Epoch Step:    161 | Accumulation Step:  17 | Loss:   2.49 | Tokens / Sec:  1138.5 | Learning Rate: 7.8e-04
[17:37:55] Epoch Step:    201 | Accumulation Step:  21 | Loss:   2.19 | Tokens / Sec:  1129.3 | Learning Rate: 7.9e-04
[17:38:10] Epoch Step:    241 | Accumulation Step:  25 | Loss:   2.25 | Tokens / Sec:  1131.3 | Learning Rate: 8.0e-04
[17:38:26] Epoch Step:    281 | Accumulation Step:  29 | Loss:   2.26 | Tokens / Sec:  1127.1 | Learning Rate: 8.1e-04
[17:38:41] Epoch Step:    321 | Accumulation Step:  33 | Loss:   2.34 | Tokens / Sec:  1143.2 | Learning Rate: 8.0e-04
[17:38:57] Epoch Step:    361 | Accumulation Step:  37 | Loss:   2.39 | Tokens / Sec:  1128.5 | Learning Rate: 8.0e-04
[17:39:12] Epoch Step:    401 | Accumulation Step:  41 | Loss:   2.25 | Tokens / Sec:  1132.2 | Learning Rate: 7.9e-04
[17:39:27] Epoch Step:    441 | Accumulation Step:  45 | Loss:   2.25 | Tokens / Sec:  1127.8 | Learning Rate: 7.9e-04
[17:39:43] Epoch Step:    481 | Accumulation Step:  49 | Loss:   2.09 | Tokens / Sec:  1151.4 | Learning Rate: 7.8e-04
[17:39:58] Epoch Step:    521 | Accumulation Step:  53 | Loss:   2.17 | Tokens / Sec:  1129.5 | Learning Rate: 7.8e-04
[17:40:13] Epoch Step:    561 | Accumulation Step:  57 | Loss:   2.18 | Tokens / Sec:  1144.3 | Learning Rate: 7.7e-04
[17:40:29] Epoch Step:    601 | Accumulation Step:  61 | Loss:   1.98 | Tokens / Sec:  1115.6 | Learning Rate: 7.7e-04
[17:40:44] Epoch Step:    641 | Accumulation Step:  65 | Loss:   2.23 | Tokens / Sec:  1136.4 | Learning Rate: 7.6e-04
[17:41:00] Epoch Step:    681 | Accumulation Step:  69 | Loss:   2.00 | Tokens / Sec:  1141.0 | Learning Rate: 7.6e-04
[17:41:15] Epoch Step:    721 | Accumulation Step:  73 | Loss:   2.23 | Tokens / Sec:  1121.4 | Learning Rate: 7.5e-04
[17:41:30] Epoch Step:    761 | Accumulation Step:  77 | Loss:   1.87 | Tokens / Sec:  1133.0 | Learning Rate: 7.5e-04
[17:41:46] Epoch Step:    801 | Accumulation Step:  81 | Loss:   1.82 | Tokens / Sec:  1138.1 | Learning Rate: 7.4e-04
[17:42:01] Epoch Step:    841 | Accumulation Step:  85 | Loss:   2.20 | Tokens / Sec:  1122.7 | Learning Rate: 7.4e-04
[17:42:17] Epoch Step:    881 | Accumulation Step:  89 | Loss:   2.09 | Tokens / Sec:  1123.5 | Learning Rate: 7.4e-04
[17:42:36] epoch 4 done: train 2.2221 | val 2.1197 | perplexity 11.50 | acc 59.7% | KL 0.115 | 358s
[17:42:36] GPU after epoch 4: 68 C, 80 W, 5447 MiB
[17:42:41] resume point saved (epoch 4). safe to stop or lose power here.
[17:42:41] cooldown: GPU 57 C, 12 W, 5430 MiB — pausing 90s
[17:44:11] ===== Epoch 5/15 =====
[17:44:12] Epoch Step:      1 | Accumulation Step:   1 | Loss:   1.78 | Tokens / Sec:  1002.4 | Learning Rate: 7.3e-04
[17:44:27] Epoch Step:     41 | Accumulation Step:   5 | Loss:   1.49 | Tokens / Sec:  1132.8 | Learning Rate: 7.3e-04
[17:44:43] Epoch Step:     81 | Accumulation Step:   9 | Loss:   1.83 | Tokens / Sec:  1133.3 | Learning Rate: 7.3e-04
[17:44:58] Epoch Step:    121 | Accumulation Step:  13 | Loss:   1.93 | Tokens / Sec:  1143.9 | Learning Rate: 7.2e-04
[17:45:13] Epoch Step:    161 | Accumulation Step:  17 | Loss:   1.85 | Tokens / Sec:  1136.4 | Learning Rate: 7.2e-04
[17:45:29] Epoch Step:    201 | Accumulation Step:  21 | Loss:   1.83 | Tokens / Sec:  1121.5 | Learning Rate: 7.1e-04
[17:45:44] Epoch Step:    241 | Accumulation Step:  25 | Loss:   1.62 | Tokens / Sec:  1131.4 | Learning Rate: 7.1e-04
[17:45:59] Epoch Step:    281 | Accumulation Step:  29 | Loss:   1.99 | Tokens / Sec:  1132.6 | Learning Rate: 7.1e-04
[17:46:15] Epoch Step:    321 | Accumulation Step:  33 | Loss:   1.78 | Tokens / Sec:  1136.7 | Learning Rate: 7.0e-04
[17:46:30] Epoch Step:    361 | Accumulation Step:  37 | Loss:   2.09 | Tokens / Sec:  1132.9 | Learning Rate: 7.0e-04
[17:46:45] Epoch Step:    401 | Accumulation Step:  41 | Loss:   1.64 | Tokens / Sec:  1132.7 | Learning Rate: 7.0e-04
[17:47:01] Epoch Step:    441 | Accumulation Step:  45 | Loss:   1.58 | Tokens / Sec:  1129.7 | Learning Rate: 6.9e-04
[17:47:16] Epoch Step:    481 | Accumulation Step:  49 | Loss:   1.62 | Tokens / Sec:  1143.8 | Learning Rate: 6.9e-04
[17:47:32] Epoch Step:    521 | Accumulation Step:  53 | Loss:   1.77 | Tokens / Sec:  1146.7 | Learning Rate: 6.9e-04
[17:47:47] Epoch Step:    561 | Accumulation Step:  57 | Loss:   1.72 | Tokens / Sec:  1130.8 | Learning Rate: 6.8e-04
[17:48:02] Epoch Step:    601 | Accumulation Step:  61 | Loss:   1.68 | Tokens / Sec:  1138.1 | Learning Rate: 6.8e-04
[17:48:18] Epoch Step:    641 | Accumulation Step:  65 | Loss:   1.51 | Tokens / Sec:  1124.4 | Learning Rate: 6.8e-04
[17:48:33] Epoch Step:    681 | Accumulation Step:  69 | Loss:   1.72 | Tokens / Sec:  1137.4 | Learning Rate: 6.7e-04
[17:48:48] Epoch Step:    721 | Accumulation Step:  73 | Loss:   1.59 | Tokens / Sec:  1115.5 | Learning Rate: 6.7e-04
[17:49:04] Epoch Step:    761 | Accumulation Step:  77 | Loss:   1.95 | Tokens / Sec:  1118.6 | Learning Rate: 6.7e-04
[17:49:19] Epoch Step:    801 | Accumulation Step:  81 | Loss:   1.71 | Tokens / Sec:  1125.1 | Learning Rate: 6.6e-04
[17:49:35] Epoch Step:    841 | Accumulation Step:  85 | Loss:   1.71 | Tokens / Sec:  1128.7 | Learning Rate: 6.6e-04
[17:49:50] Epoch Step:    881 | Accumulation Step:  89 | Loss:   1.45 | Tokens / Sec:  1126.0 | Learning Rate: 6.6e-04
[17:50:09] epoch 5 done: train 1.7329 | val 1.8854 | perplexity 8.80 | acc 63.7% | KL 0.088 | 358s
[17:50:09] GPU after epoch 5: 68 C, 58 W, 5438 MiB
[17:50:11] checkpoint saved: results_ende\checkpoints\multi30k_en_de_5ep.pt  —  scoring BLEU (this takes a few minutes) ...
[18:00:29] BLEU @ 5ep — valid 29.1 | test 29.61
[18:00:38] resume point saved (epoch 5). safe to stop or lose power here.
[18:00:38] cooldown: GPU 53 C, 10 W, 5431 MiB — pausing 90s
[18:02:08] ===== Epoch 6/15 =====
[18:02:09] Epoch Step:      1 | Accumulation Step:   1 | Loss:   1.68 | Tokens / Sec:   945.1 | Learning Rate: 6.6e-04
[18:02:24] Epoch Step:     41 | Accumulation Step:   5 | Loss:   1.58 | Tokens / Sec:  1141.4 | Learning Rate: 6.5e-04
[18:02:40] Epoch Step:     81 | Accumulation Step:   9 | Loss:   1.34 | Tokens / Sec:  1127.7 | Learning Rate: 6.5e-04
[18:02:55] Epoch Step:    121 | Accumulation Step:  13 | Loss:   1.51 | Tokens / Sec:  1130.7 | Learning Rate: 6.5e-04
[18:03:11] Epoch Step:    161 | Accumulation Step:  17 | Loss:   1.36 | Tokens / Sec:  1119.4 | Learning Rate: 6.4e-04
[18:03:26] Epoch Step:    201 | Accumulation Step:  21 | Loss:   1.43 | Tokens / Sec:  1124.9 | Learning Rate: 6.4e-04
[18:03:41] Epoch Step:    241 | Accumulation Step:  25 | Loss:   1.34 | Tokens / Sec:  1141.8 | Learning Rate: 6.4e-04
[18:03:57] Epoch Step:    281 | Accumulation Step:  29 | Loss:   1.27 | Tokens / Sec:  1140.6 | Learning Rate: 6.4e-04
[18:04:12] Epoch Step:    321 | Accumulation Step:  33 | Loss:   1.78 | Tokens / Sec:  1128.8 | Learning Rate: 6.3e-04
[18:04:27] Epoch Step:    361 | Accumulation Step:  37 | Loss:   1.42 | Tokens / Sec:  1129.9 | Learning Rate: 6.3e-04
[18:04:43] Epoch Step:    401 | Accumulation Step:  41 | Loss:   1.48 | Tokens / Sec:  1143.9 | Learning Rate: 6.3e-04
[18:04:58] Epoch Step:    441 | Accumulation Step:  45 | Loss:   1.28 | Tokens / Sec:  1140.1 | Learning Rate: 6.3e-04
[18:05:14] Epoch Step:    481 | Accumulation Step:  49 | Loss:   1.31 | Tokens / Sec:  1122.1 | Learning Rate: 6.2e-04
[18:05:29] Epoch Step:    521 | Accumulation Step:  53 | Loss:   1.44 | Tokens / Sec:  1123.5 | Learning Rate: 6.2e-04
[18:05:45] Epoch Step:    561 | Accumulation Step:  57 | Loss:   1.30 | Tokens / Sec:  1121.1 | Learning Rate: 6.2e-04
[18:06:00] Epoch Step:    601 | Accumulation Step:  61 | Loss:   1.37 | Tokens / Sec:  1128.0 | Learning Rate: 6.2e-04
[18:06:16] Epoch Step:    641 | Accumulation Step:  65 | Loss:   1.55 | Tokens / Sec:  1124.8 | Learning Rate: 6.1e-04
[18:06:32] Epoch Step:    681 | Accumulation Step:  69 | Loss:   1.44 | Tokens / Sec:  1122.9 | Learning Rate: 6.1e-04
[18:06:47] Epoch Step:    721 | Accumulation Step:  73 | Loss:   1.62 | Tokens / Sec:  1104.4 | Learning Rate: 6.1e-04
[18:07:03] Epoch Step:    761 | Accumulation Step:  77 | Loss:   1.49 | Tokens / Sec:  1124.0 | Learning Rate: 6.1e-04
[18:07:18] Epoch Step:    801 | Accumulation Step:  81 | Loss:   1.31 | Tokens / Sec:  1117.4 | Learning Rate: 6.0e-04
[18:07:34] Epoch Step:    841 | Accumulation Step:  85 | Loss:   1.39 | Tokens / Sec:  1113.2 | Learning Rate: 6.0e-04
[18:07:49] Epoch Step:    881 | Accumulation Step:  89 | Loss:   1.20 | Tokens / Sec:  1119.2 | Learning Rate: 6.0e-04
[18:08:08] epoch 6 done: train 1.4360 | val 1.8043 | perplexity 7.72 | acc 65.6% | KL 0.088 | 360s
[18:08:08] GPU after epoch 6: 68 C, 59 W, 5452 MiB
[18:08:12] resume point saved (epoch 6). safe to stop or lose power here.
[18:08:12] cooldown: GPU 58 C, 15 W, 5436 MiB — pausing 90s
[18:09:42] ===== Epoch 7/15 =====
[18:09:43] Epoch Step:      1 | Accumulation Step:   1 | Loss:   1.15 | Tokens / Sec:   976.1 | Learning Rate: 6.0e-04
[18:09:58] Epoch Step:     41 | Accumulation Step:   5 | Loss:   1.22 | Tokens / Sec:  1137.6 | Learning Rate: 6.0e-04
[18:10:14] Epoch Step:     81 | Accumulation Step:   9 | Loss:   1.36 | Tokens / Sec:  1138.9 | Learning Rate: 5.9e-04
[18:10:29] Epoch Step:    121 | Accumulation Step:  13 | Loss:   1.16 | Tokens / Sec:  1133.9 | Learning Rate: 5.9e-04
[18:10:45] Epoch Step:    161 | Accumulation Step:  17 | Loss:   1.26 | Tokens / Sec:  1132.9 | Learning Rate: 5.9e-04
[18:11:00] Epoch Step:    201 | Accumulation Step:  21 | Loss:   1.15 | Tokens / Sec:  1122.8 | Learning Rate: 5.9e-04
[18:11:15] Epoch Step:    241 | Accumulation Step:  25 | Loss:   1.26 | Tokens / Sec:  1136.0 | Learning Rate: 5.9e-04
[18:11:31] Epoch Step:    281 | Accumulation Step:  29 | Loss:   1.28 | Tokens / Sec:  1127.5 | Learning Rate: 5.8e-04
[18:11:46] Epoch Step:    321 | Accumulation Step:  33 | Loss:   1.28 | Tokens / Sec:  1120.3 | Learning Rate: 5.8e-04
[18:12:02] Epoch Step:    361 | Accumulation Step:  37 | Loss:   1.27 | Tokens / Sec:  1134.3 | Learning Rate: 5.8e-04
[18:12:17] Epoch Step:    401 | Accumulation Step:  41 | Loss:   1.30 | Tokens / Sec:  1113.0 | Learning Rate: 5.8e-04
[18:12:33] Epoch Step:    441 | Accumulation Step:  45 | Loss:   1.20 | Tokens / Sec:  1131.8 | Learning Rate: 5.8e-04
[18:12:48] Epoch Step:    481 | Accumulation Step:  49 | Loss:   1.02 | Tokens / Sec:  1124.7 | Learning Rate: 5.7e-04
[18:13:03] Epoch Step:    521 | Accumulation Step:  53 | Loss:   1.33 | Tokens / Sec:  1139.9 | Learning Rate: 5.7e-04
[18:13:19] Epoch Step:    561 | Accumulation Step:  57 | Loss:   1.33 | Tokens / Sec:  1133.3 | Learning Rate: 5.7e-04
[18:13:34] Epoch Step:    601 | Accumulation Step:  61 | Loss:   1.06 | Tokens / Sec:  1129.9 | Learning Rate: 5.7e-04
[18:13:50] Epoch Step:    641 | Accumulation Step:  65 | Loss:   1.24 | Tokens / Sec:  1097.3 | Learning Rate: 5.7e-04
[18:14:05] Epoch Step:    681 | Accumulation Step:  69 | Loss:   1.39 | Tokens / Sec:  1115.1 | Learning Rate: 5.6e-04
[18:14:21] Epoch Step:    721 | Accumulation Step:  73 | Loss:   1.20 | Tokens / Sec:  1141.4 | Learning Rate: 5.6e-04
[18:14:36] Epoch Step:    761 | Accumulation Step:  77 | Loss:   1.10 | Tokens / Sec:  1137.1 | Learning Rate: 5.6e-04
[18:14:52] Epoch Step:    801 | Accumulation Step:  81 | Loss:   1.27 | Tokens / Sec:  1118.0 | Learning Rate: 5.6e-04
[18:15:07] Epoch Step:    841 | Accumulation Step:  85 | Loss:   1.31 | Tokens / Sec:  1120.7 | Learning Rate: 5.6e-04
[18:15:23] Epoch Step:    881 | Accumulation Step:  89 | Loss:   1.18 | Tokens / Sec:  1105.0 | Learning Rate: 5.6e-04
[18:15:42] epoch 7 done: train 1.2224 | val 1.7642 | perplexity 7.37 | acc 66.5% | KL 0.066 | 360s
[18:15:42] GPU after epoch 7: 68 C, 95 W, 5405 MiB
[18:15:46] resume point saved (epoch 7). safe to stop or lose power here.
[18:15:46] cooldown: GPU 59 C, 22 W, 5415 MiB — pausing 90s
[18:17:16] ===== Epoch 8/15 =====
[18:17:17] Epoch Step:      1 | Accumulation Step:   1 | Loss:   1.07 | Tokens / Sec:   971.3 | Learning Rate: 5.5e-04
[18:17:32] Epoch Step:     41 | Accumulation Step:   5 | Loss:   0.94 | Tokens / Sec:  1133.6 | Learning Rate: 5.5e-04
[18:17:47] Epoch Step:     81 | Accumulation Step:   9 | Loss:   1.12 | Tokens / Sec:  1107.1 | Learning Rate: 5.5e-04
[18:18:03] Epoch Step:    121 | Accumulation Step:  13 | Loss:   1.02 | Tokens / Sec:  1129.1 | Learning Rate: 5.5e-04
[18:18:18] Epoch Step:    161 | Accumulation Step:  17 | Loss:   1.06 | Tokens / Sec:  1127.0 | Learning Rate: 5.5e-04
[18:18:34] Epoch Step:    201 | Accumulation Step:  21 | Loss:   1.06 | Tokens / Sec:  1120.6 | Learning Rate: 5.5e-04
[18:18:49] Epoch Step:    241 | Accumulation Step:  25 | Loss:   1.09 | Tokens / Sec:  1130.9 | Learning Rate: 5.4e-04
[18:19:05] Epoch Step:    281 | Accumulation Step:  29 | Loss:   1.17 | Tokens / Sec:  1116.4 | Learning Rate: 5.4e-04
[18:19:20] Epoch Step:    321 | Accumulation Step:  33 | Loss:   1.07 | Tokens / Sec:  1124.3 | Learning Rate: 5.4e-04
[18:19:36] Epoch Step:    361 | Accumulation Step:  37 | Loss:   1.05 | Tokens / Sec:  1115.0 | Learning Rate: 5.4e-04
[18:19:51] Epoch Step:    401 | Accumulation Step:  41 | Loss:   0.99 | Tokens / Sec:  1131.6 | Learning Rate: 5.4e-04
[18:20:06] Epoch Step:    441 | Accumulation Step:  45 | Loss:   1.07 | Tokens / Sec:  1129.3 | Learning Rate: 5.4e-04
[18:20:22] Epoch Step:    481 | Accumulation Step:  49 | Loss:   1.01 | Tokens / Sec:  1120.8 | Learning Rate: 5.3e-04
[18:20:37] Epoch Step:    521 | Accumulation Step:  53 | Loss:   1.15 | Tokens / Sec:  1133.6 | Learning Rate: 5.3e-04
[18:20:53] Epoch Step:    561 | Accumulation Step:  57 | Loss:   1.02 | Tokens / Sec:  1127.2 | Learning Rate: 5.3e-04
[18:21:08] Epoch Step:    601 | Accumulation Step:  61 | Loss:   1.08 | Tokens / Sec:  1130.2 | Learning Rate: 5.3e-04
[18:21:24] Epoch Step:    641 | Accumulation Step:  65 | Loss:   0.88 | Tokens / Sec:  1128.8 | Learning Rate: 5.3e-04
[18:21:39] Epoch Step:    681 | Accumulation Step:  69 | Loss:   1.04 | Tokens / Sec:  1130.9 | Learning Rate: 5.3e-04
[18:21:55] Epoch Step:    721 | Accumulation Step:  73 | Loss:   0.84 | Tokens / Sec:  1129.7 | Learning Rate: 5.3e-04
[18:22:10] Epoch Step:    761 | Accumulation Step:  77 | Loss:   1.27 | Tokens / Sec:  1123.4 | Learning Rate: 5.2e-04
[18:22:25] Epoch Step:    801 | Accumulation Step:  81 | Loss:   1.07 | Tokens / Sec:  1139.2 | Learning Rate: 5.2e-04
[18:22:41] Epoch Step:    841 | Accumulation Step:  85 | Loss:   1.03 | Tokens / Sec:  1137.5 | Learning Rate: 5.2e-04
[18:22:56] Epoch Step:    881 | Accumulation Step:  89 | Loss:   1.06 | Tokens / Sec:  1119.0 | Learning Rate: 5.2e-04
[18:23:15] epoch 8 done: train 1.0554 | val 1.7315 | perplexity 7.03 | acc 67.5% | KL 0.082 | 360s
[18:23:16] GPU after epoch 8: 68 C, 98 W, 5623 MiB
[18:23:48] resume point saved (epoch 8). safe to stop or lose power here.
[18:23:48] cooldown: GPU 50 C, 12 W, 5609 MiB — pausing 90s
[18:25:18] ===== Epoch 9/15 =====
[18:25:19] Epoch Step:      1 | Accumulation Step:   1 | Loss:   1.00 | Tokens / Sec:   940.1 | Learning Rate: 5.2e-04
[18:25:35] Epoch Step:     41 | Accumulation Step:   5 | Loss:   0.96 | Tokens / Sec:  1140.5 | Learning Rate: 5.2e-04
[18:25:50] Epoch Step:     81 | Accumulation Step:   9 | Loss:   0.95 | Tokens / Sec:  1141.6 | Learning Rate: 5.2e-04
[18:26:05] Epoch Step:    121 | Accumulation Step:  13 | Loss:   0.82 | Tokens / Sec:  1131.6 | Learning Rate: 5.1e-04
[18:26:21] Epoch Step:    161 | Accumulation Step:  17 | Loss:   0.81 | Tokens / Sec:  1140.0 | Learning Rate: 5.1e-04
[18:26:36] Epoch Step:    201 | Accumulation Step:  21 | Loss:   0.87 | Tokens / Sec:  1130.9 | Learning Rate: 5.1e-04
[18:26:51] Epoch Step:    241 | Accumulation Step:  25 | Loss:   0.98 | Tokens / Sec:  1118.7 | Learning Rate: 5.1e-04
[18:27:07] Epoch Step:    281 | Accumulation Step:  29 | Loss:   0.83 | Tokens / Sec:  1123.2 | Learning Rate: 5.1e-04
[18:27:22] Epoch Step:    321 | Accumulation Step:  33 | Loss:   0.92 | Tokens / Sec:  1127.8 | Learning Rate: 5.1e-04
[18:27:38] Epoch Step:    361 | Accumulation Step:  37 | Loss:   0.90 | Tokens / Sec:  1130.3 | Learning Rate: 5.1e-04
[18:27:53] Epoch Step:    401 | Accumulation Step:  41 | Loss:   0.88 | Tokens / Sec:  1129.8 | Learning Rate: 5.1e-04
[18:28:09] Epoch Step:    441 | Accumulation Step:  45 | Loss:   0.81 | Tokens / Sec:  1128.7 | Learning Rate: 5.0e-04
[18:28:24] Epoch Step:    481 | Accumulation Step:  49 | Loss:   0.82 | Tokens / Sec:  1127.1 | Learning Rate: 5.0e-04
[18:28:39] Epoch Step:    521 | Accumulation Step:  53 | Loss:   0.94 | Tokens / Sec:  1137.0 | Learning Rate: 5.0e-04
[18:28:55] Epoch Step:    561 | Accumulation Step:  57 | Loss:   0.95 | Tokens / Sec:  1123.0 | Learning Rate: 5.0e-04
[18:29:10] Epoch Step:    601 | Accumulation Step:  61 | Loss:   0.98 | Tokens / Sec:  1124.7 | Learning Rate: 5.0e-04
[18:29:26] Epoch Step:    641 | Accumulation Step:  65 | Loss:   0.89 | Tokens / Sec:  1101.9 | Learning Rate: 5.0e-04
[18:29:41] Epoch Step:    681 | Accumulation Step:  69 | Loss:   0.94 | Tokens / Sec:  1129.5 | Learning Rate: 5.0e-04
[18:29:56] Epoch Step:    721 | Accumulation Step:  73 | Loss:   0.82 | Tokens / Sec:  1137.6 | Learning Rate: 4.9e-04
[18:30:12] Epoch Step:    761 | Accumulation Step:  77 | Loss:   1.00 | Tokens / Sec:  1127.3 | Learning Rate: 4.9e-04
[18:30:27] Epoch Step:    801 | Accumulation Step:  81 | Loss:   0.89 | Tokens / Sec:  1137.1 | Learning Rate: 4.9e-04
[18:30:43] Epoch Step:    841 | Accumulation Step:  85 | Loss:   1.10 | Tokens / Sec:  1126.4 | Learning Rate: 4.9e-04
[18:30:58] Epoch Step:    881 | Accumulation Step:  89 | Loss:   0.87 | Tokens / Sec:  1131.1 | Learning Rate: 4.9e-04
[18:31:17] epoch 9 done: train 0.9192 | val 1.7048 | perplexity 6.80 | acc 68.0% | KL 0.065 | 359s
[18:31:17] GPU after epoch 9: 68 C, 109 W, 5610 MiB
[18:31:22] resume point saved (epoch 9). safe to stop or lose power here.
[18:31:22] cooldown: GPU 57 C, 12 W, 5613 MiB — pausing 90s
[18:32:52] ===== Epoch 10/15 =====
[18:32:53] Epoch Step:      1 | Accumulation Step:   1 | Loss:   0.75 | Tokens / Sec:  1092.6 | Learning Rate: 4.9e-04
[18:33:09] Epoch Step:     41 | Accumulation Step:   5 | Loss:   0.95 | Tokens / Sec:  1142.1 | Learning Rate: 4.9e-04
[18:33:24] Epoch Step:     81 | Accumulation Step:   9 | Loss:   0.72 | Tokens / Sec:  1135.4 | Learning Rate: 4.9e-04
[18:33:39] Epoch Step:    121 | Accumulation Step:  13 | Loss:   0.72 | Tokens / Sec:  1127.1 | Learning Rate: 4.9e-04
[18:33:55] Epoch Step:    161 | Accumulation Step:  17 | Loss:   0.87 | Tokens / Sec:  1116.2 | Learning Rate: 4.8e-04
[18:34:10] Epoch Step:    201 | Accumulation Step:  21 | Loss:   0.89 | Tokens / Sec:  1150.2 | Learning Rate: 4.8e-04
[18:34:26] Epoch Step:    241 | Accumulation Step:  25 | Loss:   0.78 | Tokens / Sec:  1137.1 | Learning Rate: 4.8e-04
[18:34:41] Epoch Step:    281 | Accumulation Step:  29 | Loss:   0.64 | Tokens / Sec:  1119.3 | Learning Rate: 4.8e-04
[18:34:56] Epoch Step:    321 | Accumulation Step:  33 | Loss:   0.78 | Tokens / Sec:  1131.5 | Learning Rate: 4.8e-04
[18:35:12] Epoch Step:    361 | Accumulation Step:  37 | Loss:   0.76 | Tokens / Sec:  1122.6 | Learning Rate: 4.8e-04
[18:35:27] Epoch Step:    401 | Accumulation Step:  41 | Loss:   0.85 | Tokens / Sec:  1127.9 | Learning Rate: 4.8e-04
[18:35:43] Epoch Step:    441 | Accumulation Step:  45 | Loss:   0.77 | Tokens / Sec:  1123.4 | Learning Rate: 4.8e-04
[18:35:58] Epoch Step:    481 | Accumulation Step:  49 | Loss:   0.92 | Tokens / Sec:  1133.0 | Learning Rate: 4.8e-04
[18:36:14] Epoch Step:    521 | Accumulation Step:  53 | Loss:   0.80 | Tokens / Sec:  1125.2 | Learning Rate: 4.7e-04
[18:36:29] Epoch Step:    561 | Accumulation Step:  57 | Loss:   0.71 | Tokens / Sec:  1114.1 | Learning Rate: 4.7e-04
[18:36:44] Epoch Step:    601 | Accumulation Step:  61 | Loss:   0.77 | Tokens / Sec:  1137.9 | Learning Rate: 4.7e-04
[18:37:00] Epoch Step:    641 | Accumulation Step:  65 | Loss:   0.72 | Tokens / Sec:  1132.4 | Learning Rate: 4.7e-04
[18:37:15] Epoch Step:    681 | Accumulation Step:  69 | Loss:   0.80 | Tokens / Sec:  1107.9 | Learning Rate: 4.7e-04
[18:37:31] Epoch Step:    721 | Accumulation Step:  73 | Loss:   0.83 | Tokens / Sec:  1138.7 | Learning Rate: 4.7e-04
[18:37:47] Epoch Step:    761 | Accumulation Step:  77 | Loss:   0.92 | Tokens / Sec:  1111.7 | Learning Rate: 4.7e-04
[18:38:02] Epoch Step:    801 | Accumulation Step:  81 | Loss:   0.86 | Tokens / Sec:  1108.5 | Learning Rate: 4.7e-04
[18:38:18] Epoch Step:    841 | Accumulation Step:  85 | Loss:   1.02 | Tokens / Sec:  1116.1 | Learning Rate: 4.7e-04
[18:38:33] Epoch Step:    881 | Accumulation Step:  89 | Loss:   0.93 | Tokens / Sec:  1124.4 | Learning Rate: 4.6e-04
[18:38:52] epoch 10 done: train 0.8018 | val 1.7247 | perplexity 6.86 | acc 68.0% | KL 0.055 | 360s
[18:38:52] GPU after epoch 10: 69 C, 108 W, 5617 MiB
[18:38:54] checkpoint saved: results_ende\checkpoints\multi30k_en_de_10ep.pt  —  scoring BLEU (this takes a few minutes) ...
[18:48:50] BLEU @ 10ep — valid 35.03 | test 34.57
[18:48:58] resume point saved (epoch 10). safe to stop or lose power here.
[18:48:58] cooldown: GPU 55 C, 15 W, 5604 MiB — pausing 90s
[18:50:28] ===== Epoch 11/15 =====
[18:50:29] Epoch Step:      1 | Accumulation Step:   1 | Loss:   0.62 | Tokens / Sec:   911.5 | Learning Rate: 4.6e-04
[18:50:44] Epoch Step:     41 | Accumulation Step:   5 | Loss:   0.63 | Tokens / Sec:  1127.1 | Learning Rate: 4.6e-04
[18:51:00] Epoch Step:     81 | Accumulation Step:   9 | Loss:   0.76 | Tokens / Sec:  1130.4 | Learning Rate: 4.6e-04
[18:51:15] Epoch Step:    121 | Accumulation Step:  13 | Loss:   0.72 | Tokens / Sec:  1108.2 | Learning Rate: 4.6e-04
[18:51:30] Epoch Step:    161 | Accumulation Step:  17 | Loss:   0.63 | Tokens / Sec:  1143.4 | Learning Rate: 4.6e-04
[18:51:46] Epoch Step:    201 | Accumulation Step:  21 | Loss:   0.63 | Tokens / Sec:  1123.0 | Learning Rate: 4.6e-04
[18:52:01] Epoch Step:    241 | Accumulation Step:  25 | Loss:   0.62 | Tokens / Sec:  1124.1 | Learning Rate: 4.6e-04
[18:52:17] Epoch Step:    281 | Accumulation Step:  29 | Loss:   0.79 | Tokens / Sec:  1132.9 | Learning Rate: 4.6e-04
[18:52:32] Epoch Step:    321 | Accumulation Step:  33 | Loss:   0.70 | Tokens / Sec:  1132.6 | Learning Rate: 4.6e-04
[18:52:47] Epoch Step:    361 | Accumulation Step:  37 | Loss:   0.70 | Tokens / Sec:  1123.9 | Learning Rate: 4.6e-04
[18:53:03] Epoch Step:    401 | Accumulation Step:  41 | Loss:   0.73 | Tokens / Sec:  1130.0 | Learning Rate: 4.5e-04
[18:53:18] Epoch Step:    441 | Accumulation Step:  45 | Loss:   0.66 | Tokens / Sec:  1139.2 | Learning Rate: 4.5e-04
[18:53:34] Epoch Step:    481 | Accumulation Step:  49 | Loss:   0.66 | Tokens / Sec:  1118.7 | Learning Rate: 4.5e-04
[18:53:49] Epoch Step:    521 | Accumulation Step:  53 | Loss:   0.69 | Tokens / Sec:  1114.1 | Learning Rate: 4.5e-04
[18:54:05] Epoch Step:    561 | Accumulation Step:  57 | Loss:   0.77 | Tokens / Sec:  1134.0 | Learning Rate: 4.5e-04
[18:54:20] Epoch Step:    601 | Accumulation Step:  61 | Loss:   0.77 | Tokens / Sec:  1146.4 | Learning Rate: 4.5e-04
[18:54:35] Epoch Step:    641 | Accumulation Step:  65 | Loss:   0.68 | Tokens / Sec:  1120.2 | Learning Rate: 4.5e-04
[18:54:51] Epoch Step:    681 | Accumulation Step:  69 | Loss:   0.70 | Tokens / Sec:  1126.7 | Learning Rate: 4.5e-04
[18:55:06] Epoch Step:    721 | Accumulation Step:  73 | Loss:   0.73 | Tokens / Sec:  1123.0 | Learning Rate: 4.5e-04
[18:55:22] Epoch Step:    761 | Accumulation Step:  77 | Loss:   0.72 | Tokens / Sec:  1132.6 | Learning Rate: 4.5e-04
[18:55:37] Epoch Step:    801 | Accumulation Step:  81 | Loss:   0.76 | Tokens / Sec:  1131.8 | Learning Rate: 4.4e-04
[18:55:52] Epoch Step:    841 | Accumulation Step:  85 | Loss:   0.80 | Tokens / Sec:  1127.9 | Learning Rate: 4.4e-04
[18:56:08] Epoch Step:    881 | Accumulation Step:  89 | Loss:   0.76 | Tokens / Sec:  1129.0 | Learning Rate: 4.4e-04
[18:56:27] epoch 11 done: train 0.7015 | val 1.7199 | perplexity 6.85 | acc 68.4% | KL 0.059 | 359s
[18:56:27] GPU after epoch 11: 68 C, 100 W, 5614 MiB
[18:56:31] resume point saved (epoch 11). safe to stop or lose power here.
[18:56:31] cooldown: GPU 58 C, 13 W, 5604 MiB — pausing 90s
[18:58:01] ===== Epoch 12/15 =====
[18:58:02] Epoch Step:      1 | Accumulation Step:   1 | Loss:   0.57 | Tokens / Sec:   987.8 | Learning Rate: 4.4e-04
[18:58:18] Epoch Step:     41 | Accumulation Step:   5 | Loss:   0.54 | Tokens / Sec:  1135.3 | Learning Rate: 4.4e-04
[18:58:33] Epoch Step:     81 | Accumulation Step:   9 | Loss:   0.68 | Tokens / Sec:  1129.5 | Learning Rate: 4.4e-04
[18:58:49] Epoch Step:    121 | Accumulation Step:  13 | Loss:   0.55 | Tokens / Sec:  1146.8 | Learning Rate: 4.4e-04
[18:59:04] Epoch Step:    161 | Accumulation Step:  17 | Loss:   0.49 | Tokens / Sec:  1124.5 | Learning Rate: 4.4e-04
[18:59:19] Epoch Step:    201 | Accumulation Step:  21 | Loss:   0.57 | Tokens / Sec:  1120.1 | Learning Rate: 4.4e-04
[18:59:35] Epoch Step:    241 | Accumulation Step:  25 | Loss:   0.58 | Tokens / Sec:  1127.3 | Learning Rate: 4.4e-04
[18:59:50] Epoch Step:    281 | Accumulation Step:  29 | Loss:   0.54 | Tokens / Sec:  1136.0 | Learning Rate: 4.4e-04
[19:00:06] Epoch Step:    321 | Accumulation Step:  33 | Loss:   0.57 | Tokens / Sec:  1122.3 | Learning Rate: 4.4e-04
[19:00:21] Epoch Step:    361 | Accumulation Step:  37 | Loss:   0.68 | Tokens / Sec:  1129.1 | Learning Rate: 4.3e-04
[19:00:36] Epoch Step:    401 | Accumulation Step:  41 | Loss:   0.58 | Tokens / Sec:  1128.8 | Learning Rate: 4.3e-04
[19:00:52] Epoch Step:    441 | Accumulation Step:  45 | Loss:   0.60 | Tokens / Sec:  1123.5 | Learning Rate: 4.3e-04
[19:01:07] Epoch Step:    481 | Accumulation Step:  49 | Loss:   0.67 | Tokens / Sec:  1127.5 | Learning Rate: 4.3e-04
[19:01:23] Epoch Step:    521 | Accumulation Step:  53 | Loss:   0.50 | Tokens / Sec:  1120.1 | Learning Rate: 4.3e-04
[19:01:38] Epoch Step:    561 | Accumulation Step:  57 | Loss:   0.62 | Tokens / Sec:  1125.2 | Learning Rate: 4.3e-04
[19:01:53] Epoch Step:    601 | Accumulation Step:  61 | Loss:   0.60 | Tokens / Sec:  1127.7 | Learning Rate: 4.3e-04
[19:02:09] Epoch Step:    641 | Accumulation Step:  65 | Loss:   0.57 | Tokens / Sec:  1142.7 | Learning Rate: 4.3e-04
[19:02:24] Epoch Step:    681 | Accumulation Step:  69 | Loss:   0.64 | Tokens / Sec:  1121.8 | Learning Rate: 4.3e-04
[19:02:40] Epoch Step:    721 | Accumulation Step:  73 | Loss:   0.61 | Tokens / Sec:  1116.2 | Learning Rate: 4.3e-04
[19:02:55] Epoch Step:    761 | Accumulation Step:  77 | Loss:   0.57 | Tokens / Sec:  1122.1 | Learning Rate: 4.3e-04
[19:03:11] Epoch Step:    801 | Accumulation Step:  81 | Loss:   0.64 | Tokens / Sec:  1145.7 | Learning Rate: 4.3e-04
[19:03:26] Epoch Step:    841 | Accumulation Step:  85 | Loss:   0.65 | Tokens / Sec:  1127.0 | Learning Rate: 4.2e-04
[19:03:41] Epoch Step:    881 | Accumulation Step:  89 | Loss:   0.60 | Tokens / Sec:  1128.4 | Learning Rate: 4.2e-04
[19:04:01] epoch 12 done: train 0.6134 | val 1.7357 | perplexity 6.97 | acc 68.5% | KL 0.056 | 359s
[19:04:01] GPU after epoch 12: 68 C, 83 W, 5604 MiB
[19:04:04] resume point saved (epoch 12). safe to stop or lose power here.
[19:04:04] cooldown: GPU 59 C, 25 W, 5603 MiB — pausing 90s
[19:05:34] ===== Epoch 13/15 =====
[19:05:35] Epoch Step:      1 | Accumulation Step:   1 | Loss:   0.54 | Tokens / Sec:   906.2 | Learning Rate: 4.2e-04
[19:05:51] Epoch Step:     41 | Accumulation Step:   5 | Loss:   0.52 | Tokens / Sec:  1135.7 | Learning Rate: 4.2e-04
[19:06:06] Epoch Step:     81 | Accumulation Step:   9 | Loss:   0.51 | Tokens / Sec:  1111.9 | Learning Rate: 4.2e-04
[19:06:21] Epoch Step:    121 | Accumulation Step:  13 | Loss:   0.51 | Tokens / Sec:  1138.8 | Learning Rate: 4.2e-04
[19:06:37] Epoch Step:    161 | Accumulation Step:  17 | Loss:   0.41 | Tokens / Sec:  1123.5 | Learning Rate: 4.2e-04
[19:06:52] Epoch Step:    201 | Accumulation Step:  21 | Loss:   0.54 | Tokens / Sec:  1118.8 | Learning Rate: 4.2e-04
[19:07:08] Epoch Step:    241 | Accumulation Step:  25 | Loss:   0.50 | Tokens / Sec:  1129.1 | Learning Rate: 4.2e-04
[19:07:23] Epoch Step:    281 | Accumulation Step:  29 | Loss:   0.55 | Tokens / Sec:  1126.7 | Learning Rate: 4.2e-04
[19:07:38] Epoch Step:    321 | Accumulation Step:  33 | Loss:   0.52 | Tokens / Sec:  1119.3 | Learning Rate: 4.2e-04
[19:07:54] Epoch Step:    361 | Accumulation Step:  37 | Loss:   0.49 | Tokens / Sec:  1146.7 | Learning Rate: 4.2e-04
[19:08:09] Epoch Step:    401 | Accumulation Step:  41 | Loss:   0.53 | Tokens / Sec:  1132.1 | Learning Rate: 4.2e-04
[19:08:25] Epoch Step:    441 | Accumulation Step:  45 | Loss:   0.61 | Tokens / Sec:  1116.2 | Learning Rate: 4.2e-04
[19:08:40] Epoch Step:    481 | Accumulation Step:  49 | Loss:   0.49 | Tokens / Sec:  1122.2 | Learning Rate: 4.1e-04
[19:08:56] Epoch Step:    521 | Accumulation Step:  53 | Loss:   0.51 | Tokens / Sec:  1142.8 | Learning Rate: 4.1e-04
[19:09:11] Epoch Step:    561 | Accumulation Step:  57 | Loss:   0.55 | Tokens / Sec:  1128.8 | Learning Rate: 4.1e-04
[19:09:26] Epoch Step:    601 | Accumulation Step:  61 | Loss:   0.48 | Tokens / Sec:  1128.1 | Learning Rate: 4.1e-04
[19:09:42] Epoch Step:    641 | Accumulation Step:  65 | Loss:   0.53 | Tokens / Sec:  1132.4 | Learning Rate: 4.1e-04
[19:09:57] Epoch Step:    681 | Accumulation Step:  69 | Loss:   0.60 | Tokens / Sec:  1127.7 | Learning Rate: 4.1e-04
[19:10:13] Epoch Step:    721 | Accumulation Step:  73 | Loss:   0.49 | Tokens / Sec:  1124.3 | Learning Rate: 4.1e-04
[19:10:28] Epoch Step:    761 | Accumulation Step:  77 | Loss:   0.55 | Tokens / Sec:  1136.1 | Learning Rate: 4.1e-04
[19:10:43] Epoch Step:    801 | Accumulation Step:  81 | Loss:   0.60 | Tokens / Sec:  1136.4 | Learning Rate: 4.1e-04
[19:10:59] Epoch Step:    841 | Accumulation Step:  85 | Loss:   0.66 | Tokens / Sec:  1133.8 | Learning Rate: 4.1e-04
[19:11:14] Epoch Step:    881 | Accumulation Step:  89 | Loss:   0.55 | Tokens / Sec:  1129.5 | Learning Rate: 4.1e-04
[19:11:33] epoch 13 done: train 0.5385 | val 1.7409 | perplexity 6.97 | acc 68.4% | KL 0.069 | 359s
[19:11:34] GPU after epoch 13: 69 C, 117 W, 5603 MiB
[19:11:37] resume point saved (epoch 13). safe to stop or lose power here.
[19:11:37] cooldown: GPU 59 C, 25 W, 5606 MiB — pausing 90s
[19:13:07] ===== Epoch 14/15 =====
[19:13:08] Epoch Step:      1 | Accumulation Step:   1 | Loss:   0.49 | Tokens / Sec:   927.6 | Learning Rate: 4.1e-04
[19:13:23] Epoch Step:     41 | Accumulation Step:   5 | Loss:   0.45 | Tokens / Sec:  1136.4 | Learning Rate: 4.1e-04
[19:13:39] Epoch Step:     81 | Accumulation Step:   9 | Loss:   0.46 | Tokens / Sec:  1134.4 | Learning Rate: 4.1e-04
[19:13:54] Epoch Step:    121 | Accumulation Step:  13 | Loss:   0.39 | Tokens / Sec:  1129.2 | Learning Rate: 4.0e-04
[19:14:10] Epoch Step:    161 | Accumulation Step:  17 | Loss:   0.42 | Tokens / Sec:  1129.1 | Learning Rate: 4.0e-04
[19:14:25] Epoch Step:    201 | Accumulation Step:  21 | Loss:   0.43 | Tokens / Sec:  1103.8 | Learning Rate: 4.0e-04
[19:14:41] Epoch Step:    241 | Accumulation Step:  25 | Loss:   0.46 | Tokens / Sec:  1113.7 | Learning Rate: 4.0e-04
[19:14:56] Epoch Step:    281 | Accumulation Step:  29 | Loss:   0.43 | Tokens / Sec:  1124.2 | Learning Rate: 4.0e-04
[19:15:11] Epoch Step:    321 | Accumulation Step:  33 | Loss:   0.43 | Tokens / Sec:  1132.5 | Learning Rate: 4.0e-04
[19:15:27] Epoch Step:    361 | Accumulation Step:  37 | Loss:   0.53 | Tokens / Sec:  1114.1 | Learning Rate: 4.0e-04
[19:15:42] Epoch Step:    401 | Accumulation Step:  41 | Loss:   0.49 | Tokens / Sec:  1128.1 | Learning Rate: 4.0e-04
[19:15:58] Epoch Step:    441 | Accumulation Step:  45 | Loss:   0.48 | Tokens / Sec:  1137.4 | Learning Rate: 4.0e-04
[19:16:13] Epoch Step:    481 | Accumulation Step:  49 | Loss:   0.48 | Tokens / Sec:  1118.6 | Learning Rate: 4.0e-04
[19:16:29] Epoch Step:    521 | Accumulation Step:  53 | Loss:   0.42 | Tokens / Sec:  1130.7 | Learning Rate: 4.0e-04
[19:16:44] Epoch Step:    561 | Accumulation Step:  57 | Loss:   0.51 | Tokens / Sec:  1129.5 | Learning Rate: 4.0e-04
[19:17:00] Epoch Step:    601 | Accumulation Step:  61 | Loss:   0.48 | Tokens / Sec:  1144.4 | Learning Rate: 4.0e-04
[19:17:15] Epoch Step:    641 | Accumulation Step:  65 | Loss:   0.60 | Tokens / Sec:  1119.5 | Learning Rate: 4.0e-04
[19:17:30] Epoch Step:    681 | Accumulation Step:  69 | Loss:   0.54 | Tokens / Sec:  1145.7 | Learning Rate: 4.0e-04
[19:17:46] Epoch Step:    721 | Accumulation Step:  73 | Loss:   0.50 | Tokens / Sec:  1129.6 | Learning Rate: 4.0e-04
[19:18:01] Epoch Step:    761 | Accumulation Step:  77 | Loss:   0.42 | Tokens / Sec:  1136.3 | Learning Rate: 3.9e-04
[19:18:17] Epoch Step:    801 | Accumulation Step:  81 | Loss:   0.45 | Tokens / Sec:  1117.1 | Learning Rate: 3.9e-04
[19:18:32] Epoch Step:    841 | Accumulation Step:  85 | Loss:   0.56 | Tokens / Sec:  1115.7 | Learning Rate: 3.9e-04
[19:18:47] Epoch Step:    881 | Accumulation Step:  89 | Loss:   0.50 | Tokens / Sec:  1133.5 | Learning Rate: 3.9e-04
[19:19:07] epoch 14 done: train 0.4723 | val 1.7684 | perplexity 7.25 | acc 68.2% | KL 0.063 | 360s
[19:19:07] GPU after epoch 14: 68 C, 60 W, 5610 MiB
[19:19:12] resume point saved (epoch 14). safe to stop or lose power here.
[19:19:12] cooldown: GPU 57 C, 15 W, 5621 MiB — pausing 90s
[19:20:42] ===== Epoch 15/15 =====
[19:20:43] Epoch Step:      1 | Accumulation Step:   1 | Loss:   0.37 | Tokens / Sec:   971.3 | Learning Rate: 3.9e-04
[19:20:58] Epoch Step:     41 | Accumulation Step:   5 | Loss:   0.36 | Tokens / Sec:  1129.0 | Learning Rate: 3.9e-04
[19:21:13] Epoch Step:     81 | Accumulation Step:   9 | Loss:   0.42 | Tokens / Sec:  1121.4 | Learning Rate: 3.9e-04
[19:21:29] Epoch Step:    121 | Accumulation Step:  13 | Loss:   0.39 | Tokens / Sec:  1131.2 | Learning Rate: 3.9e-04
[19:21:44] Epoch Step:    161 | Accumulation Step:  17 | Loss:   0.41 | Tokens / Sec:  1117.0 | Learning Rate: 3.9e-04
[19:22:00] Epoch Step:    201 | Accumulation Step:  21 | Loss:   0.46 | Tokens / Sec:  1135.3 | Learning Rate: 3.9e-04
[19:22:15] Epoch Step:    241 | Accumulation Step:  25 | Loss:   0.40 | Tokens / Sec:  1150.2 | Learning Rate: 3.9e-04
[19:22:31] Epoch Step:    281 | Accumulation Step:  29 | Loss:   0.39 | Tokens / Sec:  1119.6 | Learning Rate: 3.9e-04
[19:22:46] Epoch Step:    321 | Accumulation Step:  33 | Loss:   0.45 | Tokens / Sec:  1110.1 | Learning Rate: 3.9e-04
[19:23:01] Epoch Step:    361 | Accumulation Step:  37 | Loss:   0.39 | Tokens / Sec:  1114.5 | Learning Rate: 3.9e-04
[19:23:17] Epoch Step:    401 | Accumulation Step:  41 | Loss:   0.43 | Tokens / Sec:  1129.2 | Learning Rate: 3.9e-04
[19:23:32] Epoch Step:    441 | Accumulation Step:  45 | Loss:   0.43 | Tokens / Sec:  1119.9 | Learning Rate: 3.9e-04
[19:23:48] Epoch Step:    481 | Accumulation Step:  49 | Loss:   0.46 | Tokens / Sec:  1148.2 | Learning Rate: 3.8e-04
[19:24:03] Epoch Step:    521 | Accumulation Step:  53 | Loss:   0.38 | Tokens / Sec:  1131.3 | Learning Rate: 3.8e-04
[19:24:18] Epoch Step:    561 | Accumulation Step:  57 | Loss:   0.41 | Tokens / Sec:  1128.9 | Learning Rate: 3.8e-04
[19:24:34] Epoch Step:    601 | Accumulation Step:  61 | Loss:   0.41 | Tokens / Sec:  1137.0 | Learning Rate: 3.8e-04
[19:24:49] Epoch Step:    641 | Accumulation Step:  65 | Loss:   0.44 | Tokens / Sec:  1143.9 | Learning Rate: 3.8e-04
[19:25:05] Epoch Step:    681 | Accumulation Step:  69 | Loss:   0.41 | Tokens / Sec:  1129.9 | Learning Rate: 3.8e-04
[19:25:20] Epoch Step:    721 | Accumulation Step:  73 | Loss:   0.43 | Tokens / Sec:  1128.2 | Learning Rate: 3.8e-04
[19:25:36] Epoch Step:    761 | Accumulation Step:  77 | Loss:   0.43 | Tokens / Sec:  1119.9 | Learning Rate: 3.8e-04
[19:25:51] Epoch Step:    801 | Accumulation Step:  81 | Loss:   0.50 | Tokens / Sec:  1126.3 | Learning Rate: 3.8e-04
[19:26:06] Epoch Step:    841 | Accumulation Step:  85 | Loss:   0.40 | Tokens / Sec:  1138.5 | Learning Rate: 3.8e-04
[19:26:22] Epoch Step:    881 | Accumulation Step:  89 | Loss:   0.47 | Tokens / Sec:  1121.8 | Learning Rate: 3.8e-04
[19:26:41] epoch 15 done: train 0.4181 | val 1.7942 | perplexity 7.48 | acc 67.7% | KL 0.050 | 359s
[19:26:41] GPU after epoch 15: 68 C, 117 W, 5593 MiB
[19:26:42] checkpoint saved: results_ende\checkpoints\multi30k_en_de_15ep.pt  —  scoring BLEU (this takes a few minutes) ...
[19:36:33] BLEU @ 15ep — valid 34.7 | test 32.74
[19:36:40] resume point saved (epoch 15). safe to stop or lose power here.
[19:36:40] writing reports and plots ...
[19:36:41]   wrote results_ende\plots\loss_curve.png
[19:36:41]   wrote results_ende\plots\perplexity_curve.png
[19:36:41]   wrote results_ende\plots\accuracy_kl_curve.png
[19:36:41]   wrote results_ende\plots\bleu_bars.png
[19:36:41]   wrote results_ende\plots\distribution_snapshot.png
[19:36:41]   wrote results_ende\comparison.md
[19:36:41]   wrote results_ende\experiment-5-epochs.md
[19:36:41]   wrote results_ende\experiment-10-epochs.md
[19:36:41]   wrote results_ende\experiment-15-epochs.md
[19:36:41]   wrote results_ende\sample_translations.md
[19:36:41] DONE in 142.7 min. See results_ende/comparison.md
